 shodan_gp2

 Timestamp is 40994c26 (Wed May 05 16:18:46 2004)

 Preferred load address is 10000000

 Start         Length     Name                   Class
 0001:00000000 000449d9H .text                   CODE
 0001:000449e0 000004bdH .text$x                 CODE
 0002:00000000 00000134H .idata$5                DATA
 0002:00000138 00000bf0H .rdata                  DATA
 0002:00000d28 00000654H .rdata$r                DATA
 0002:00001380 000007f8H .xdata$x                DATA
 0002:00001b78 00000028H .idata$2                DATA
 0002:00001ba0 00000014H .idata$3                DATA
 0002:00001bb4 00000134H .idata$4                DATA
 0002:00001ce8 000004c8H .idata$6                DATA
 0002:000021b0 00001fa4H .edata                  DATA
 0003:00000000 00000004H .CRT$XCA                DATA
 0003:00000004 00000074H .CRT$XCU                DATA
 0003:00000078 00000004H .CRT$XCZ                DATA
 0003:0000007c 00000004H .CRT$XIA                DATA
 0003:00000080 0000000cH .CRT$XIC                DATA
 0003:0000008c 00000004H .CRT$XIY                DATA
 0003:00000090 00000004H .CRT$XIZ                DATA
 0003:00000094 00000004H .CRT$XPA                DATA
 0003:00000098 00000004H .CRT$XPX                DATA
 0003:0000009c 00000004H .CRT$XPZ                DATA
 0003:000000a0 00000004H .CRT$XTA                DATA
 0003:000000a4 00000004H .CRT$XTB                DATA
 0003:000000a8 00000004H .CRT$XTZ                DATA
 0003:000000b0 0001a840H .data                   DATA
 0003:0001a8f0 00015c39H .bss                    DATA
 0004:00000000 00000058H .rsrc$01                DATA
 0004:00000060 000003b0H .rsrc$02                DATA

  Address         Publics by Value              Rva+Base     Lib:Object

 0001:00000000       ?Start3rdPerson@@YAXPAUedict_s@@@Z 10001000 f   3rdperson.obj
 0001:00000180       ?CameraThink@@YA_NPAUedict_s@@@Z 10001180 f   3rdperson.obj
 0001:00000350       ?End3rdPerson@@YAXPAUedict_s@@@Z 10001350 f   3rdperson.obj
 0001:000003f0       ?SUB_CallUseToggle@CBaseEntity@@QAEXXZ 100013f0 f i 3rdperson.obj
 0001:00000400       ?SwitchToBlaster@@YAXPAUedict_s@@@Z 10001400 f   ablaster.obj
 0001:000004d0       ?FireBlaster@@YAXPAUedict_s@@@Z 100014d0 f   ablaster.obj
 0001:000009c0       ?TFXAdminCommand@@YA_NPAUedict_s@@PBD1111@Z 100019c0 f   admincommands.obj
 0001:000013b0       ?GetCommandIndex@@YAHPBD@Z 100023b0 f   admincommands.obj
 0001:00001420       ?TFXAdminCommandHelp@@YA_NPAUedict_s@@PBD@Z 10002420 f   admincommands.obj
 0001:000014f0       ?TFXListCommands@@YA_NPAUedict_s@@PBD@Z 100024f0 f   admincommands.obj
 0001:000015b0       ?LoadCommandLevels@@YAXXZ  100025b0 f   admincommands.obj
 0001:000016c0       ?PlantMarker@@YAXPAUedict_s@@@Z 100026c0 f   airstrike.obj
 0001:00001b50       ?SendStrike@@YAXPAUedict_s@@@Z 10002b50 f   airstrike.obj
 0001:00001e50       ?StartStrikeThink@@YA_NPAUedict_s@@@Z 10002e50 f   airstrike.obj
 0001:00001fb0       ?CancelLaunch@@YAXPAUedict_s@@@Z 10002fb0 f   airstrike.obj
 0001:00002040       ?DoTheStrike@@YAXVVector@@@Z 10003040 f   airstrike.obj
 0001:000021d0       ?AirStrikeCounterThink@@YA_NPAUedict_s@@@Z 100031d0 f   airstrike.obj
 0001:00002230       ??0Vector@@QAE@ABV0@@Z     10003230 f i airstrike.obj
 0001:00002250       ?StrikeLocation@@YAXVVector@@H@Z 10003250 f   airstrike.obj
 0001:00002610       ?CreateGargCoords@@YAX_NHHH@Z 10003610 f   aogarg.obj
 0001:000027a0       ?CreateGarg@@YAXPAUedict_s@@_N@Z 100037a0 f   aogarg.obj
 0001:00002930       ?GargThink@@YA_NPAUedict_s@@@Z 10003930 f   aogarg.obj
 0001:00002e70       ?GargAttackEnemy@@YAXPAUedict_s@@@Z 10003e70 f   aogarg.obj
 0001:00003360       ?CreateGruntCoords@@YAX_NHHH@Z 10004360 f   aohgrunt.obj
 0001:00003520       ?CreateGrunt@@YAXPAUedict_s@@_N@Z 10004520 f   aohgrunt.obj
 0001:000036e0       ?GruntThink@@YA_NPAUedict_s@@@Z 100046e0 f   aohgrunt.obj
 0001:00003d00       ?GruntAttackEnemy@@YAXPAUedict_s@@@Z 10004d00 f   aohgrunt.obj
 0001:00003ee0       ?MonsterChangeYaw@@YAMPAUedict_s@@M@Z 10004ee0 f   aomonsters.obj
 0001:00003fe0       ?MonsterFindEnemy@@YAPAUedict_s@@PAU1@@Z 10004fe0 f   aomonsters.obj
 0001:000040d0       ?MonsterCanSeeEnemy@@YA_NPAUedict_s@@@Z 100050d0 f   aomonsters.obj
 0001:00004140       ?MonsterMove@@YAXPAUedict_s@@HHH@Z 10005140 f   aomonsters.obj
 0001:000044c0       ?MonsterFixIdealYaw@@YAXPAUedict_s@@@Z 100054c0 f   aomonsters.obj
 0001:00004520       ?MonsterBleed@@YAXPAUedict_s@@H@Z 10005520 f   aomonsters.obj
 0001:000046d0       ?AdmBan@@YAXPAUedict_s@@PBD11@Z 100056d0 f   basiccommands.obj
 0001:00004aa0       ?AdmKick@@YAXPAUedict_s@@PBD1@Z 10005aa0 f   basiccommands.obj
 0001:00004d80       ?AdmSay@@YAXPAUedict_s@@PBD@Z 10005d80 f   basiccommands.obj
 0001:00004db0       ?AdmTeamplay@@YAXPAUedict_s@@PBD@Z 10005db0 f   basiccommands.obj
 0001:00004df0       ?AdmSpecttalk@@YAXPAUedict_s@@PBD@Z 10005df0 f   basiccommands.obj
 0001:00004e50       ?AdmGravity@@YAXPAUedict_s@@PBD@Z 10005e50 f   basiccommands.obj
 0001:00004e90       ?AdmGodMessage@@YAXPAUedict_s@@PBD@Z 10005e90 f   basiccommands.obj
 0001:00004f20       ?AdmGag@@YAXPAUedict_s@@PBD@Z 10005f20 f   basiccommands.obj
 0001:00005000       ?AdmMap@@YAXPAUedict_s@@PBD@Z 10006000 f   basiccommands.obj
 0001:000050b0       ?TimeLeft@@YAXXZ           100060b0 f   basiccommands.obj
 0001:00005220       ?AdmSetAdminTalk@@YAXPAUedict_s@@@Z 10006220 f   basiccommands.obj
 0001:00005260       ?AdmAdminChat@@YAXPAUedict_s@@PBD@Z 10006260 f   basiccommands.obj
 0001:00005360       ?AdmForceWriteBack@@YAXPAUedict_s@@@Z 10006360 f   basiccommands.obj
 0001:00005390       ?AdmClientPrint@@YAXPAUedict_s@@PBD1@Z 10006390 f   basiccommands.obj
 0001:00005420       ?AdmDisinfectPlayer@@YAXPAUedict_s@@PBD@Z 10006420 f   basiccommands.obj
 0001:00005490       ?AdmChangeCreds@@YAXPAUedict_s@@PBD1@Z 10006490 f   basiccommands.obj
 0001:00005540       ?AdmAdminList@@YAXPAUedict_s@@@Z 10006540 f   basiccommands.obj
 0001:000055e0       ?AdmExtendMap@@YAXPAUedict_s@@@Z 100065e0 f   basiccommands.obj
 0001:00005660       ?AdmICQ@@YAXPAUedict_s@@PBD@Z 10006660 f   basiccommands.obj
 0001:000056f0       ?BuildGun@@YAXPAUedict_s@@@Z 100066f0 f   biggun.obj
 0001:00005b90       ?BigGunThink@@YA_NPAUedict_s@@@Z 10006b90 f   biggun.obj
 0001:00005e00       ?UseGun@@YAXPAUedict_s@@@Z 10006e00 f   biggun.obj
 0001:00006080       ?DestroyPlayersGun@@YAXPAUedict_s@@@Z 10007080 f   biggun.obj
 0001:00006250       ?DestroyGun@@YAXPAUedict_s@@@Z 10007250 f   biggun.obj
 0001:000063f0       ?SentryShoot@@YAXPAUedict_s@@@Z 100073f0 f   biggun.obj
 0001:00006670       ?ShowSGOptions@@YAXPAUedict_s@@@Z 10007670 f   buying.obj
 0001:000066b0       ?ShowBuyMenu@@YAXPAUedict_s@@@Z 100076b0 f   buying.obj
 0001:00006770       ?BuyMenuSelect@@YAXPAUedict_s@@HH@Z 10007770 f   buying.obj
 0001:00008580       ?PlaceC4@@YAXPAUedict_s@@H@Z 10009580 f   c4.obj
 0001:00008cf0       ?HasAlreadyPlaced@@YAHPAUedict_s@@@Z 10009cf0 f   c4.obj
 0001:00008d30       ?C4Think@@YA_NPAUedict_s@@@Z 10009d30 f   c4.obj
 0001:00008e70       ?DetonateC4@@YAXPAUedict_s@@H@Z 10009e70 f   c4.obj
 0001:000090c0       ?C4BombCounterThink@@YA_NPAUedict_s@@@Z 1000a0c0 f   c4.obj
 0001:000094a0       ?AdmGod@@YAXPAUedict_s@@PBD1@Z 1000a4a0 f   cheatcommands.obj
 0001:000095f0       ?AdmNoclip@@YAXPAUedict_s@@PBD1@Z 1000a5f0 f   cheatcommands.obj
 0001:00009740       ?AdmHologram@@YAXPAUedict_s@@PBD1@Z 1000a740 f   cheatcommands.obj
 0001:000098c0       ?AdmInvis@@YAXPAUedict_s@@PBD1@Z 1000a8c0 f   cheatcommands.obj
 0001:00009a00       ?AdmHealth@@YAXPAUedict_s@@PBD1@Z 1000aa00 f   cheatcommands.obj
 0001:00009ac0       ?AdmChangeSpeed@@YAXPAUedict_s@@PBD1@Z 1000aac0 f   cheatcommands.obj
 0001:00009b80       ?AdmGiveAllGuns@@YAXPAUedict_s@@PBD@Z 1000ab80 f   cheatcommands.obj
 0001:00009bf0       ?AdmArmor@@YAXPAUedict_s@@PBD1@Z 1000abf0 f   cheatcommands.obj
 0001:00009cb0       ?AdmChangeAmmo@@YAXPAUedict_s@@PBD11@Z 1000acb0 f   cheatcommands.obj
 0001:00009dc0       ?AdmMultiBuild@@YAXPAUedict_s@@PBD1@Z 1000adc0 f   cheatcommands.obj
 0001:00009e50       ??0CIniFile@@QAE@XZ        1000ae50 f   CIniFile.obj
 0001:00009f60       ??1CIniFile@@QAE@XZ        1000af60 f   CIniFile.obj
 0001:00009fa0       ?SetFileName@CIniFile@@QAEXPAD@Z 1000afa0 f   CIniFile.obj
 0001:0000a050       ?GetStringD@CIniFile@@QAEIPAD00H0@Z 1000b050 f   CIniFile.obj
 0001:0000a0f0       ?GetIntD@CIniFile@@QAEIPAD0H@Z 1000b0f0 f   CIniFile.obj
 0001:0000a190       ?GetFloatD@CIniFile@@QAEMPAD00@Z 1000b190 f   CIniFile.obj
 0001:0000a240       ?GetInt@CIniFile@@QAEIPAD0@Z 1000b240 f   CIniFile.obj
 0001:0000a2e0       ??1?$basic_string@DU?$char_traits@D@std@@V?$allocator@D@2@@std@@QAE@XZ 1000b2e0 f i CIniFile.obj
 0001:0000a320       ?_Tidy@?$basic_string@DU?$char_traits@D@std@@V?$allocator@D@2@@std@@AAEX_N@Z 1000b320 f i CIniFile.obj
 0001:0000a370       ?_Eos@?$basic_string@DU?$char_traits@D@std@@V?$allocator@D@2@@std@@AAEXI@Z 1000b370 f i CIniFile.obj
 0001:0000a390       ?_Grow@?$basic_string@DU?$char_traits@D@std@@V?$allocator@D@2@@std@@AAE_NI_N@Z 1000b390 f i CIniFile.obj
 0001:0000a4b0       ?_Copy@?$basic_string@DU?$char_traits@D@std@@V?$allocator@D@2@@std@@AAEXI@Z 1000b4b0 f i CIniFile.obj
 0001:0000a5c0       ?_Split@?$basic_string@DU?$char_traits@D@std@@V?$allocator@D@2@@std@@AAEXXZ 1000b5c0 f i CIniFile.obj
 0001:0000a6c0       ?TFXPlayerCommand@@YA_NPAUedict_s@@PBD11111@Z 1000b6c0 f   commands.obj
 0001:0000c6e0       ?PlayerCurrentWeapon@@YAHPAUedict_s@@PBD@Z 1000d6e0 f   commands.obj
 0001:0000c890       ?TFXLoadPlayerInfo@@YAXPAUedict_s@@PBD@Z 1000d890 f   credits.obj
 0001:0000d0a0       ?TFXResetPlayerInfo@@YAXPAUedict_s@@@Z 1000e0a0 f   credits.obj
 0001:0000d420       ?TFXPlayerDisconnect@@YAXPAUedict_s@@@Z 1000e420 f   credits.obj
 0001:0000d850       ?TFXClientConnectionMsg@@YAXPAUedict_s@@PBD@Z 1000e850 f   credits.obj
 0001:0000dfd0       ?CreditThink@@YAXXZ        1000efd0 f   credits.obj
 0001:0000e170       ?PlayerCredInfo@@YAXPBD@Z  1000f170 f   credits.obj
 0001:0000e310       ?PlayerTimeInfo@@YAXPBD@Z  1000f310 f   credits.obj
 0001:0000e440       ?PlayerCheck@@YAXPBD@Z     1000f440 f   credits.obj
 0001:0000e520       ?PlayerWhois@@YAXPBD@Z     1000f520 f   credits.obj
 0001:0000e620       ?PlayerWarnings@@YAXPBD@Z  1000f620 f   credits.obj
 0001:0000e6f0       ?PlayerRankInfo@@YAXPBD@Z  1000f6f0 f   credits.obj
 0001:0000e850       ?GiveCredits@@YAXPAUedict_s@@PBDH@Z 1000f850 f   credits.obj
 0001:0000ea00       ?WriteBackFiles@@YAXXZ     1000fa00 f   credits.obj
 0001:0000eea0       ?AdminAuth@@YAXPAUedict_s@@H@Z 1000fea0 f   credits.obj
 0001:0000ef90       ?AdminDeAuth@@YAXPAUedict_s@@@Z 1000ff90 f   credits.obj
 0001:0000f0c0       ?CheckClientPack@@YAXPAUedict_s@@@Z 100100c0 f   credits.obj
 0001:0000f1a0       ?GameDLLInit@@YAXXZ        100101a0 f   dll.obj
 0001:0000f520       ?DispatchSpawn@@YAHPAUedict_s@@@Z 10010520 f   dll.obj
 0001:0000f660       ?DispatchThink@@YAXPAUedict_s@@@Z 10010660 f   dll.obj
 0001:0000f680       ?DispatchUse@@YAXPAUedict_s@@0@Z 10010680 f   dll.obj
 0001:0000f690       ?DispatchTouch@@YAXPAUedict_s@@0@Z 10010690 f   dll.obj
 0001:0000f920       ?DispatchBlocked@@YAXPAUedict_s@@0@Z 10010920 f   dll.obj
 0001:0000f930       ?DispatchKeyValue@@YAXPAUedict_s@@PAUKeyValueData_s@@@Z 10010930 f   dll.obj
 0001:0000fd20       ??0Vector@@QAE@MMM@Z       10010d20 f i dll.obj
 0001:0000fd40       ?DispatchSave@@YAXPAUedict_s@@PAUsaverestore_s@@@Z 10010d40 f   dll.obj
 0001:0000fd50       ?DispatchRestore@@YAHPAUedict_s@@PAUsaverestore_s@@H@Z 10010d50 f   dll.obj
 0001:0000fd60       ?DispatchObjectCollsionBox@@YAXPAUedict_s@@@Z 10010d60 f   dll.obj
 0001:0000fd70       ?SaveWriteFields@@YAXPAUsaverestore_s@@PBDPAXPAUTYPEDESCRIPTION@@H@Z 10010d70 f   dll.obj
 0001:0000fd80       ?SaveReadFields@@YAXPAUsaverestore_s@@PBDPAXPAUTYPEDESCRIPTION@@H@Z 10010d80 f   dll.obj
 0001:0000fd90       ?SaveGlobalState@@YAXPAUsaverestore_s@@@Z 10010d90 f   dll.obj
 0001:0000fda0       ?RestoreGlobalState@@YAXPAUsaverestore_s@@@Z 10010da0 f   dll.obj
 0001:0000fdb0       ?ResetGlobalState@@YAXXZ   10010db0 f   dll.obj
 0001:0000fdc0       ?ClientConnect@@YAHPAUedict_s@@PBD1QAD@Z 10010dc0 f   dll.obj
 0001:0000ffd0       ?ClientDisconnect@@YAXPAUedict_s@@@Z 10010fd0 f   dll.obj
 0001:00010000       ?ClientKill@@YAXPAUedict_s@@@Z 10011000 f   dll.obj
 0001:00010010       ?ClientPutInServer@@YAXPAUedict_s@@@Z 10011010 f   dll.obj
 0001:00010110       ?ClientCommand@@YAXPAUedict_s@@@Z 10011110 f   dll.obj
 0001:000102d0       ?ClientUserInfoChanged@@YAXPAUedict_s@@PAD@Z 100112d0 f   dll.obj
 0001:00010320       ?ServerActivate@@YAXPAUedict_s@@HH@Z 10011320 f   dll.obj
 0001:00010330       ?ServerDeactivate@@YAXXZ   10011330 f   dll.obj
 0001:00010340       ?PlayerPreThink@@YAXPAUedict_s@@@Z 10011340 f   dll.obj
 0001:00010360       ?PlayerPostThink@@YAXPAUedict_s@@@Z 10011360 f   dll.obj
 0001:00010370       ?StartFrame@@YAXXZ         10011370 f   dll.obj
 0001:00011230       ?ParmsNewLevel@@YAXXZ      10012230 f   dll.obj
 0001:00011240       ?ParmsChangeLevel@@YAXXZ   10012240 f   dll.obj
 0001:00011250       ?GetGameDescription@@YAPBDXZ 10012250 f   dll.obj
 0001:00011260       ?PlayerCustomization@@YAXPAUedict_s@@PAUcustomization_s@@@Z 10012260 f   dll.obj
 0001:00011270       ?SpectatorConnect@@YAXPAUedict_s@@@Z 10012270 f   dll.obj
 0001:00011280       ?SpectatorDisconnect@@YAXPAUedict_s@@@Z 10012280 f   dll.obj
 0001:00011290       ?SpectatorThink@@YAXPAUedict_s@@@Z 10012290 f   dll.obj
 0001:000112a0       ?Sys_Error@@YAXPBD@Z       100122a0 f   dll.obj
 0001:000112f0       ?PM_Move@@YAXPAUplayermove_s@@H@Z 100122f0 f   dll.obj
 0001:00011300       ?PM_Init@@YAXPAUplayermove_s@@@Z 10012300 f   dll.obj
 0001:00011310       ?PM_FindTextureType@@YADPAD@Z 10012310 f   dll.obj
 0001:00011320       ?SetupVisibility@@YAXPAUedict_s@@0PAPAE1@Z 10012320 f   dll.obj
 0001:00011330       ?UpdateClientData@@YAXPBUedict_s@@HPAUclientdata_s@@@Z 10012330 f   dll.obj
 0001:00011340       ?AddToFullPack@@YAHPAUentity_state_s@@HPAUedict_s@@1HHPAE@Z 10012340 f   dll.obj
 0001:00011350       ?CreateBaseline@@YAXHHPAUentity_state_s@@PAUedict_s@@HVVector@@2@Z 10012350 f   dll.obj
 0001:000113a0       ?RegisterEncoders@@YAXXZ   100123a0 f   dll.obj
 0001:000113b0       ?GetWeaponData@@YAHPAUedict_s@@PAUweapon_data_s@@@Z 100123b0 f   dll.obj
 0001:000113c0       ?CmdStart@@YAXPBUedict_s@@PBUusercmd_s@@I@Z 100123c0 f   dll.obj
 0001:000113d0       ?CmdEnd@@YAXPBUedict_s@@@Z 100123d0 f   dll.obj
 0001:000113e0       ?ConnectionlessPacket@@YAHPBUnetadr_s@@PBDPADPAH@Z 100123e0 f   dll.obj
 0001:000113f0       ?GetHullBounds@@YAHHPAM0@Z 100123f0 f   dll.obj
 0001:00011400       ?CreateInstancedBaselines@@YAXXZ 10012400 f   dll.obj
 0001:00011410       ?InconsistentFile@@YAHPBUedict_s@@PBDPAD@Z 10012410 f   dll.obj
 0001:00011420       ?AllowLagCompensation@@YAHXZ 10012420 f   dll.obj
 0001:00011430       _GetEntityAPI              10012430 f   dll.obj
 0001:00011470       ?TFXDispatchThink@@YAHPAUedict_s@@@Z 10012470 f   dll.obj
 0001:000117f0       ?SwingDualBar@@YAXPAUedict_s@@@Z 100127f0 f   dualbar.obj
 0001:00011b10       ?SwitchToEnergyGun@@YAXPAUedict_s@@@Z 10012b10 f   energyblast.obj
 0001:00011be0       ?FireEnergy@@YAXPAUedict_s@@@Z 10012be0 f   energyblast.obj
 0001:00012080       ?EnergyBlastThink@@YA_NPAUedict_s@@@Z 10013080 f   energyblast.obj
 0001:00012420       ?KillEnergyBlast@@YAXPAUedict_s@@H@Z 10013420 f   energyblast.obj
 0001:00012600       ?pfnRegUserMsg@@YAHPBDH@Z  10013600 f   engine.obj
 0001:000126a0       ?pfnMessageBegin@@YAXHHPBMPAUedict_s@@@Z 100136a0 f   engine.obj
 0001:00012820       ?pfnMessageEnd@@YAXXZ      10013820 f   engine.obj
 0001:000128a0       ?pfnWriteByte@@YAXH@Z      100138a0 f   engine.obj
 0001:00012910       ?pfnWriteChar@@YAXH@Z      10013910 f   engine.obj
 0001:00012980       ?pfnWriteShort@@YAXH@Z     10013980 f   engine.obj
 0001:000129f0       ?pfnWriteLong@@YAXH@Z      100139f0 f   engine.obj
 0001:00012a60       ?pfnWriteAngle@@YAXM@Z     10013a60 f   engine.obj
 0001:00012ad0       ?pfnWriteCoord@@YAXM@Z     10013ad0 f   engine.obj
 0001:00012b40       ?pfnWriteString@@YAXPBD@Z  10013b40 f   engine.obj
 0001:00012bb0       ?pfnWriteEntity@@YAXH@Z    10013bb0 f   engine.obj
 0001:00012c20       ?MsgDeath@@YAXPAXH@Z       10013c20 f   engine.obj
 0001:00012cd0       ?StatusText@@YAXPAXH@Z     10013cd0 f   engine.obj
 0001:00012d80       ?TossFlashBang@@YAXPAUedict_s@@@Z 10013d80 f   flashbang.obj
 0001:00013030       ?FBThink@@YA_NPAUedict_s@@@Z 10014030 f   flashbang.obj
 0001:00013240       ?AdmCreateLight@@YAXPAUedict_s@@PBD111@Z 10014240 f   funcommands.obj
 0001:00013320       ?AdmRing@@YAXPAUedict_s@@PBD1@Z 10014320 f   funcommands.obj
 0001:00013470       ?AdmScreenShake@@YAXPAUedict_s@@@Z 10014470 f   funcommands.obj
 0001:000134b0       ?AdmScreenFade@@YAXPAUedict_s@@PBD11@Z 100144b0 f   funcommands.obj
 0001:00013520       ?AdmSpawnGrunt@@YAXPAUedict_s@@PBD@Z 10014520 f   funcommands.obj
 0001:00013550       ?AdmSpawnGarg@@YAXPAUedict_s@@PBD@Z 10014550 f   funcommands.obj
 0001:00013580       ?AdmTrail@@YAXPAUedict_s@@PBD111@Z 10014580 f   funcommands.obj
 0001:00013660       ?AdmDizzyness@@YAXPAUedict_s@@PBD1@Z 10014660 f   funcommands.obj
 0001:000136b0       ?AdmDropModel@@YAXPAUedict_s@@PBD1@Z 100146b0 f   funcommands.obj
 0001:000137d0       ?AdmAdminStrike@@YAXPAUedict_s@@PBD@Z 100147d0 f   funcommands.obj
 0001:00013820       ?AdmEntCreate@@YAXPAUedict_s@@PBD@Z 10014820 f   funcommands.obj
 0001:000139d0       ?AdmToss@@YAXPAUedict_s@@PBD@Z 100149d0 f   funcommands.obj
 0001:00013b20       ?AdmKillTrail@@YAXPAUedict_s@@PBD@Z 10014b20 f   funcommands.obj
 0001:00013b80       ?AdmPlaySound@@YAXPAUedict_s@@PBD@Z 10014b80 f   funcommands.obj
 0001:00013c80       ?AdmPermLight@@YAXPAUedict_s@@PBD11@Z 10014c80 f   funcommands.obj
 0001:00013e50       ?DropWeapon@@YAXPAUedict_s@@PBD@Z 10014e50 f   funcommands.obj
 0001:00014350       ?AdmVEffect@@YAXPAUedict_s@@PBD1@Z 10015350 f   funcommands.obj
 0001:000143a0       ?AdmResetBuild@@YAXPAUedict_s@@@Z 100153a0 f   funcommands.obj
 0001:000143e0       ?LogoText@@YAXXZ           100153e0 f   generalstuff.obj
 0001:00014510       ?AdminGreenNames@@YAXXZ    10015510 f   generalstuff.obj
 0001:00014580       ?UserLogger@@YAXPAUedict_s@@PBD1@Z 10015580 f   generalstuff.obj
 0001:00014750       ?UserLogEncryption@@YAPADPBD0@Z 10015750 f   generalstuff.obj
 0001:000148a0       ?AddAdmin@@YAXPAUedict_s@@PBD1@Z 100158a0 f   generalstuff.obj
 0001:00014960       ?DelAdmin@@YAXPAUedict_s@@PBD@Z 10015960 f   generalstuff.obj
 0001:00014a20       ?FakeGib@@YAXPAUedict_s@@@Z 10015a20 f   generalstuff.obj
 0001:00014e30       ?GibThink@@YA_NPAUedict_s@@@Z 10015e30 f   generalstuff.obj
 0001:00014e70       ?FreqCheck@@YAHPAUedict_s@@@Z 10015e70 f   generalstuff.obj
 0001:00015020       ?FakeScoreColor@@YAXPAUedict_s@@H@Z 10016020 f   generalstuff.obj
 0001:000150c0       ?MoveToDest@@YAXMMMMPAUedict_s@@@Z 100160c0 f   grapple.obj
 0001:00015290       ?PlayerMovedtoDest@@YAXPAUedict_s@@@Z 10016290 f   grapple.obj
 0001:000154d0       ?PlayerDrops@@YAXPAUedict_s@@H@Z 100164d0 f   grapple.obj
 0001:000155c0       ?TossGrapple@@YAXPAUedict_s@@@Z 100165c0 f   grapple.obj
 0001:00015800       ?BeamRedraw@@YAXPAUedict_s@@@Z 10016800 f   grapple.obj
 0001:00015a20       ?ThrowGrapple@@YAXPAUedict_s@@@Z 10016a20 f   grapple.obj
 0001:00015d10       ?GrappleTouch@@YAXPAUedict_s@@0@Z 10016d10 f   grapple.obj
 0001:00016070       ?GrappleHookThink@@YA_NPAUedict_s@@@Z 10017070 f   grapple.obj
 0001:000165d0       ?KillGrapple@@YAXPAUedict_s@@@Z 100175d0 f   grapple.obj
 0001:00016690       ?DropGun@@YAXPAUedict_s@@@Z 10017690 f   gundrop.obj
 0001:00016b20       ?DroppedGunThink@@YA_NPAUedict_s@@@Z 10017b20 f   gundrop.obj
 0001:00016d60       ?UserPickedMeUp@@YAXPAUedict_s@@PAVCBaseEntity@@@Z 10017d60 f   gundrop.obj
 0001:00016fb0       ?StartingWeapon@@YAHPAUedict_s@@@Z 10017fb0 f   gundrop.obj
 0001:00017020       _DllMain@12                10018020 f   h_export.obj
 0001:00017050       ?GiveFnptrsToDll@@YGXPAUenginefuncs_s@@PAUglobalvars_t@@@Z 10018050 f   h_export.obj
 0001:00017250       ?ShowHelp@@YAXPAUedict_s@@PBD@Z 10018250 f   helpsystem.obj
 0001:00018de0       ?DoRadar@@YAXPAUedict_s@@@Z 10019de0 f   hwradar.obj
 0001:00019100       ?ApplyIcon@@YAXPAUedict_s@@PBD@Z 1001a100 f   icons.obj
 0001:00019730       ?LoadGameSettings@@YAXXZ   1001a730 f   inisettings.obj
 0001:0001a0b0       ??0CIniFile@@QAE@ABV0@@Z   1001b0b0 f i inisettings.obj
 0001:0001a1d0       ?LoadINITextString@@YAXVCIniFile@@PAD1@Z 1001b1d0 f   inisettings.obj
 0001:0001a300       ?CastKickVote@@YAXPAUedict_s@@PBD@Z 1001b300 f   kickvote.obj
 0001:0001a420       ?EndTheVote@@YAXXZ         1001b420 f   kickvote.obj
 0001:0001a590       ?BuildLaserFence@@YAXPAUedict_s@@@Z 1001b590 f   laserfence.obj
 0001:0001aa20       ?LaserFenceThink@@YA_NPAUedict_s@@@Z 1001ba20 f   laserfence.obj
 0001:0001b350       ?DetonateFencePost@@YAXPAUedict_s@@@Z 1001c350 f   laserfence.obj
 0001:0001b4b0       ?SensorDisconnect@@YAXPAUedict_s@@@Z 1001c4b0 f   laserfence.obj
 0001:0001b520       ?SelectEntity@@YAXPAUedict_s@@@Z 1001c520 f   leveleditor.obj
 0001:0001b7e0       ?IsValidEnt@@YAHPAUedict_s@@@Z 1001c7e0 f   leveleditor.obj
 0001:0001bad0       ?FindFreeSlot@@YAHPAUedict_s@@@Z 1001cad0 f   leveleditor.obj
 0001:0001bb10       ?DeselectEntity@@YAXPAUedict_s@@@Z 1001cb10 f   leveleditor.obj
 0001:0001bd30       ?PointTransEnt@@YAXPAUedict_s@@H@Z 1001cd30 f   leveleditor.obj
 0001:0001bfc0       ?PointColorEnt@@YAXPAUedict_s@@VVector@@@Z 1001cfc0 f   leveleditor.obj
 0001:0001c150       ?MoveEnt@@YAXPAUedict_s@@H@Z 1001d150 f   leveleditor.obj
 0001:0001c2c0       ?CloneEnt@@YAXPAUedict_s@@@Z 1001d2c0 f   leveleditor.obj
 0001:0001c4b0       ?DeselectAll@@YAXPAUedict_s@@@Z 1001d4b0 f   leveleditor.obj
 0001:0001c5b0       ?DeleteEntity@@YAXPAUedict_s@@@Z 1001d5b0 f   leveleditor.obj
 0001:0001c640       ?QuickMove@@YAXPAUedict_s@@@Z 1001d640 f   leveleditor.obj
 0001:0001c800       ?QuickMoveX@@YAXPAUedict_s@@@Z 1001d800 f   leveleditor.obj
 0001:0001c980       ?QuickMoveY@@YAXPAUedict_s@@@Z 1001d980 f   leveleditor.obj
 0001:0001cb00       ?QuickMoveZ@@YAXPAUedict_s@@@Z 1001db00 f   leveleditor.obj
 0001:0001cc80       ?RotatePoint@@YAXPAUedict_s@@@Z 1001dc80 f   leveleditor.obj
 0001:0001cd20       ?ChangeKeyValue@@YAXPAUedict_s@@PBD1@Z 1001dd20 f   leveleditor.obj
 0001:0001ce20       ?TriggerEntity@@YAXPAUedict_s@@@Z 1001de20 f   leveleditor.obj
 0001:0001cfb0       ?SelectClass@@YAXPAUedict_s@@PBD1@Z 1001dfb0 f   leveleditor.obj
 0001:0001d210       ?ScanRadius@@YAXPAUedict_s@@H@Z 1001e210 f   leveleditor.obj
 0001:0001d370       ?StartPull@@YAXPAUedict_s@@@Z 1001e370 f   leveleditor.obj
 0001:0001d400       ?PullThink@@YAXPAUedict_s@@@Z 1001e400 f   leveleditor.obj
 0001:0001d4d0       ?EndPull@@YAXPAUedict_s@@@Z 1001e4d0 f   leveleditor.obj
 0001:0001d550       ?SaveEnts@@YA_NPAUedict_s@@PBD@Z 1001e550 f   leveleditor.obj
 0001:0001d950       ?LoadEnts@@YA_NPAUedict_s@@PBD@Z 1001e950 f   leveleditor.obj
 0001:0001e0c0       ?KillAEFEnts@@YAXPAUedict_s@@PBD@Z 1001f0c0 f   leveleditor.obj
 0001:0001e260       ?SelectLoaded@@YAXPAUedict_s@@PBD@Z 1001f260 f   leveleditor.obj
 0001:0001e540       ?LightThink@@YA_NPAUedict_s@@@Z 1001f540 f   lights.obj
 0001:0001e630       _aiscripted_sequence       1001f630 f   linkfunc.obj
 0001:0001e670       _ambient_generic           1001f670 f   linkfunc.obj
 0001:0001e6b0       _ammo_357                  1001f6b0 f   linkfunc.obj
 0001:0001e6f0       _ammo_9mmAR                1001f6f0 f   linkfunc.obj
 0001:0001e730       _ammo_9mmbox               1001f730 f   linkfunc.obj
 0001:0001e770       _ammo_9mmclip              1001f770 f   linkfunc.obj
 0001:0001e7b0       _ammo_ARgrenades           1001f7b0 f   linkfunc.obj
 0001:0001e7f0       _ammo_buckshot             1001f7f0 f   linkfunc.obj
 0001:0001e830       _ammo_crossbow             1001f830 f   linkfunc.obj
 0001:0001e870       _ammo_egonclip             1001f870 f   linkfunc.obj
 0001:0001e8b0       _ammo_gaussclip            1001f8b0 f   linkfunc.obj
 0001:0001e8f0       _ammo_glockclip            1001f8f0 f   linkfunc.obj
 0001:0001e930       _ammo_mp5clip              1001f930 f   linkfunc.obj
 0001:0001e970       _ammo_mp5grenades          1001f970 f   linkfunc.obj
 0001:0001e9b0       _ammo_rpgclip              1001f9b0 f   linkfunc.obj
 0001:0001e9f0       _beam                      1001f9f0 f   linkfunc.obj
 0001:0001ea30       _bmortar                   1001fa30 f   linkfunc.obj
 0001:0001ea70       _bodyque                   1001fa70 f   linkfunc.obj
 0001:0001eab0       _button_target             1001fab0 f   linkfunc.obj
 0001:0001eaf0       _cine_blood                1001faf0 f   linkfunc.obj
 0001:0001eb30       _controller_energy_ball    1001fb30 f   linkfunc.obj
 0001:0001eb70       _controller_head_ball      1001fb70 f   linkfunc.obj
 0001:0001ebb0       _crossbow_bolt             1001fbb0 f   linkfunc.obj
 0001:0001ebf0       _cycler                    1001fbf0 f   linkfunc.obj
 0001:0001ec30       _cycler_prdroid            1001fc30 f   linkfunc.obj
 0001:0001ec70       _cycler_sprite             1001fc70 f   linkfunc.obj
 0001:0001ecb0       _cycler_weapon             1001fcb0 f   linkfunc.obj
 0001:0001ecf0       _cycler_wreckage           1001fcf0 f   linkfunc.obj
 0001:0001ed30       _DelayedUse                1001fd30 f   linkfunc.obj
 0001:0001ed70       _env_beam                  1001fd70 f   linkfunc.obj
 0001:0001edb0       _env_beverage              1001fdb0 f   linkfunc.obj
 0001:0001edf0       _env_blood                 1001fdf0 f   linkfunc.obj
 0001:0001ee30       _env_bubbles               1001fe30 f   linkfunc.obj
 0001:0001ee70       _env_debris                1001fe70 f   linkfunc.obj
 0001:0001eeb0       _env_explosion             1001feb0 f   linkfunc.obj
 0001:0001eef0       _env_fade                  1001fef0 f   linkfunc.obj
 0001:0001ef30       _env_funnel                1001ff30 f   linkfunc.obj
 0001:0001ef70       _env_global                1001ff70 f   linkfunc.obj
 0001:0001efb0       _env_glow                  1001ffb0 f   linkfunc.obj
 0001:0001eff0       _env_laser                 1001fff0 f   linkfunc.obj
 0001:0001f030       _env_lightning             10020030 f   linkfunc.obj
 0001:0001f070       _env_message               10020070 f   linkfunc.obj
 0001:0001f0b0       _env_render                100200b0 f   linkfunc.obj
 0001:0001f0f0       _env_shake                 100200f0 f   linkfunc.obj
 0001:0001f130       _env_shooter               10020130 f   linkfunc.obj
 0001:0001f170       _env_smoker                10020170 f   linkfunc.obj
 0001:0001f1b0       _env_sound                 100201b0 f   linkfunc.obj
 0001:0001f1f0       _env_spark                 100201f0 f   linkfunc.obj
 0001:0001f230       _env_sprite                10020230 f   linkfunc.obj
 0001:0001f270       _fireanddie                10020270 f   linkfunc.obj
 0001:0001f2b0       _func_breakable            100202b0 f   linkfunc.obj
 0001:0001f2f0       _func_button               100202f0 f   linkfunc.obj
 0001:0001f330       _func_conveyor             10020330 f   linkfunc.obj
 0001:0001f370       _func_door                 10020370 f   linkfunc.obj
 0001:0001f3b0       _func_door_rotating        100203b0 f   linkfunc.obj
 0001:0001f3f0       _func_friction             100203f0 f   linkfunc.obj
 0001:0001f430       _func_guntarget            10020430 f   linkfunc.obj
 0001:0001f470       _func_healthcharger        10020470 f   linkfunc.obj
 0001:0001f4b0       _func_illusionary          100204b0 f   linkfunc.obj
 0001:0001f4f0       _func_ladder               100204f0 f   linkfunc.obj
 0001:0001f530       _func_monsterclip          10020530 f   linkfunc.obj
 0001:0001f570       _func_mortar_field         10020570 f   linkfunc.obj
 0001:0001f5b0       _func_pendulum             100205b0 f   linkfunc.obj
 0001:0001f5f0       _func_plat                 100205f0 f   linkfunc.obj
 0001:0001f630       _func_platrot              10020630 f   linkfunc.obj
 0001:0001f670       _func_pushable             10020670 f   linkfunc.obj
 0001:0001f6b0       _func_recharge             100206b0 f   linkfunc.obj
 0001:0001f6f0       _func_rotating             100206f0 f   linkfunc.obj
 0001:0001f730       _func_rot_button           10020730 f   linkfunc.obj
 0001:0001f770       _func_tank                 10020770 f   linkfunc.obj
 0001:0001f7b0       _func_tankcontrols         100207b0 f   linkfunc.obj
 0001:0001f7f0       _func_tanklaser            100207f0 f   linkfunc.obj
 0001:0001f830       _func_tankmortar           10020830 f   linkfunc.obj
 0001:0001f870       _func_tankrocket           10020870 f   linkfunc.obj
 0001:0001f8b0       _func_trackautochange      100208b0 f   linkfunc.obj
 0001:0001f8f0       _func_trackchange          100208f0 f   linkfunc.obj
 0001:0001f930       _func_tracktrain           10020930 f   linkfunc.obj
 0001:0001f970       _func_train                10020970 f   linkfunc.obj
 0001:0001f9b0       _func_traincontrols        100209b0 f   linkfunc.obj
 0001:0001f9f0       _func_wall                 100209f0 f   linkfunc.obj
 0001:0001fa30       _func_wall_toggle          10020a30 f   linkfunc.obj
 0001:0001fa70       _func_water                10020a70 f   linkfunc.obj
 0001:0001fab0       _game_counter              10020ab0 f   linkfunc.obj
 0001:0001faf0       _game_counter_set          10020af0 f   linkfunc.obj
 0001:0001fb30       _game_end                  10020b30 f   linkfunc.obj
 0001:0001fb70       _game_player_equip         10020b70 f   linkfunc.obj
 0001:0001fbb0       _game_player_hurt          10020bb0 f   linkfunc.obj
 0001:0001fbf0       _game_player_team          10020bf0 f   linkfunc.obj
 0001:0001fc30       _game_score                10020c30 f   linkfunc.obj
 0001:0001fc70       _game_team_master          10020c70 f   linkfunc.obj
 0001:0001fcb0       _game_team_set             10020cb0 f   linkfunc.obj
 0001:0001fcf0       _game_text                 10020cf0 f   linkfunc.obj
 0001:0001fd30       _game_zone_player          10020d30 f   linkfunc.obj
 0001:0001fd70       _garg_stomp                10020d70 f   linkfunc.obj
 0001:0001fdb0       _gibshooter                10020db0 f   linkfunc.obj
 0001:0001fdf0       _grenade                   10020df0 f   linkfunc.obj
 0001:0001fe30       _hornet                    10020e30 f   linkfunc.obj
 0001:0001fe70       _hvr_rocket                10020e70 f   linkfunc.obj
 0001:0001feb0       _info_bigmomma             10020eb0 f   linkfunc.obj
 0001:0001fef0       _info_intermission         10020ef0 f   linkfunc.obj
 0001:0001ff30       _info_landmark             10020f30 f   linkfunc.obj
 0001:0001ff70       _info_node                 10020f70 f   linkfunc.obj
 0001:0001ffb0       _info_node_air             10020fb0 f   linkfunc.obj
 0001:0001fff0       _info_null                 10020ff0 f   linkfunc.obj
 0001:00020030       _info_player_deathmatch    10021030 f   linkfunc.obj
 0001:00020070       _info_player_start         10021070 f   linkfunc.obj
 0001:000200b0       _info_target               100210b0 f   linkfunc.obj
 0001:000200f0       _info_teleport_destination 100210f0 f   linkfunc.obj
 0001:00020130       _infodecal                 10021130 f   linkfunc.obj
 0001:00020170       _item_airtank              10021170 f   linkfunc.obj
 0001:000201b0       _item_antidote             100211b0 f   linkfunc.obj
 0001:000201f0       _item_battery              100211f0 f   linkfunc.obj
 0001:00020230       _item_healthkit            10021230 f   linkfunc.obj
 0001:00020270       _item_longjump             10021270 f   linkfunc.obj
 0001:000202b0       _item_security             100212b0 f   linkfunc.obj
 0001:000202f0       _item_sodacan              100212f0 f   linkfunc.obj
 0001:00020330       _item_suit                 10021330 f   linkfunc.obj
 0001:00020370       _laser_spot                10021370 f   linkfunc.obj
 0001:000203b0       _light                     100213b0 f   linkfunc.obj
 0001:000203f0       _light_environment         100213f0 f   linkfunc.obj
 0001:00020430       _light_spot                10021430 f   linkfunc.obj
 0001:00020470       _momentary_door            10021470 f   linkfunc.obj
 0001:000204b0       _momentary_rot_button      100214b0 f   linkfunc.obj
 0001:000204f0       _monstermaker              100214f0 f   linkfunc.obj
 0001:00020530       _monster_alien_controller  10021530 f   linkfunc.obj
 0001:00020570       _monster_alien_grunt       10021570 f   linkfunc.obj
 0001:000205b0       _monster_alien_slave       100215b0 f   linkfunc.obj
 0001:000205f0       _monster_apache            100215f0 f   linkfunc.obj
 0001:00020630       _monster_babycrab          10021630 f   linkfunc.obj
 0001:00020670       _monster_barnacle          10021670 f   linkfunc.obj
 0001:000206b0       _monster_barney            100216b0 f   linkfunc.obj
 0001:000206f0       _monster_barney_dead       100216f0 f   linkfunc.obj
 0001:00020730       _monster_bigmomma          10021730 f   linkfunc.obj
 0001:00020770       _monster_bloater           10021770 f   linkfunc.obj
 0001:000207b0       _monster_bullchicken       100217b0 f   linkfunc.obj
 0001:000207f0       _monster_cine2_hvyweapons  100217f0 f   linkfunc.obj
 0001:00020830       _monster_cine2_scientist   10021830 f   linkfunc.obj
 0001:00020870       _monster_cine2_slave       10021870 f   linkfunc.obj
 0001:000208b0       _monster_cine3_barney      100218b0 f   linkfunc.obj
 0001:000208f0       _monster_cine3_scientist   100218f0 f   linkfunc.obj
 0001:00020930       _monster_cine_barney       10021930 f   linkfunc.obj
 0001:00020970       _monster_cine_panther      10021970 f   linkfunc.obj
 0001:000209b0       _monster_cine_scientist    100219b0 f   linkfunc.obj
 0001:000209f0       _monster_cockroach         100219f0 f   linkfunc.obj
 0001:00020a30       _monster_flyer             10021a30 f   linkfunc.obj
 0001:00020a70       _monster_flyer_flock       10021a70 f   linkfunc.obj
 0001:00020ab0       _monster_furniture         10021ab0 f   linkfunc.obj
 0001:00020af0       _monster_gargantua         10021af0 f   linkfunc.obj
 0001:00020b30       _monster_generic           10021b30 f   linkfunc.obj
 0001:00020b70       _monster_gman              10021b70 f   linkfunc.obj
 0001:00020bb0       _monster_grunt_repel       10021bb0 f   linkfunc.obj
 0001:00020bf0       _monster_headcrab          10021bf0 f   linkfunc.obj
 0001:00020c30       _monster_hevsuit_dead      10021c30 f   linkfunc.obj
 0001:00020c70       _monster_hgrunt_dead       10021c70 f   linkfunc.obj
 0001:00020cb0       _monster_houndeye          10021cb0 f   linkfunc.obj
 0001:00020cf0       _monster_human_assassin    10021cf0 f   linkfunc.obj
 0001:00020d30       _monster_human_grunt       10021d30 f   linkfunc.obj
 0001:00020d70       _monster_ichthyosaur       10021d70 f   linkfunc.obj
 0001:00020db0       _monster_leech             10021db0 f   linkfunc.obj
 0001:00020df0       _monster_miniturret        10021df0 f   linkfunc.obj
 0001:00020e30       _monster_mortar            10021e30 f   linkfunc.obj
 0001:00020e70       _monster_nihilanth         10021e70 f   linkfunc.obj
 0001:00020eb0       _monster_osprey            10021eb0 f   linkfunc.obj
 0001:00020ef0       _monster_rat               10021ef0 f   linkfunc.obj
 0001:00020f30       _monster_satchel           10021f30 f   linkfunc.obj
 0001:00020f70       _monster_scientist         10021f70 f   linkfunc.obj
 0001:00020fb0       _monster_scientist_dead    10021fb0 f   linkfunc.obj
 0001:00020ff0       _monster_sentry            10021ff0 f   linkfunc.obj
 0001:00021030       _monster_sitting_scientist 10022030 f   linkfunc.obj
 0001:00021070       _monster_snark             10022070 f   linkfunc.obj
 0001:000210b0       _monster_tentacle          100220b0 f   linkfunc.obj
 0001:000210f0       _monster_tentaclemaw       100220f0 f   linkfunc.obj
 0001:00021130       _monster_tripmine          10022130 f   linkfunc.obj
 0001:00021170       _monster_turret            10022170 f   linkfunc.obj
 0001:000211b0       _monster_vortigaunt        100221b0 f   linkfunc.obj
 0001:000211f0       _monster_zombie            100221f0 f   linkfunc.obj
 0001:00021230       _multisource               10022230 f   linkfunc.obj
 0001:00021270       _multi_manager             10022270 f   linkfunc.obj
 0001:000212b0       _nihilanth_energy_ball     100222b0 f   linkfunc.obj
 0001:000212f0       _node_viewer               100222f0 f   linkfunc.obj
 0001:00021330       _node_viewer_fly           10022330 f   linkfunc.obj
 0001:00021370       _node_viewer_human         10022370 f   linkfunc.obj
 0001:000213b0       _node_viewer_large         100223b0 f   linkfunc.obj
 0001:000213f0       _path_corner               100223f0 f   linkfunc.obj
 0001:00021430       _path_track                10022430 f   linkfunc.obj
 0001:00021470       _player                    10022470 f   linkfunc.obj
 0001:000214b0       _player_loadsaved          100224b0 f   linkfunc.obj
 0001:000214f0       _player_weaponstrip        100224f0 f   linkfunc.obj
 0001:00021530       _rpg_rocket                10022530 f   linkfunc.obj
 0001:00021570       _scripted_sentence         10022570 f   linkfunc.obj
 0001:000215b0       _scripted_sequence         100225b0 f   linkfunc.obj
 0001:000215f0       _soundent                  100225f0 f   linkfunc.obj
 0001:00021630       _spark_shower              10022630 f   linkfunc.obj
 0001:00021670       _speaker                   10022670 f   linkfunc.obj
 0001:000216b0       _squidspit                 100226b0 f   linkfunc.obj
 0001:000216f0       _streak_spiral             100226f0 f   linkfunc.obj
 0001:00021730       _target_cdaudio            10022730 f   linkfunc.obj
 0001:00021770       _test_effect               10022770 f   linkfunc.obj
 0001:000217b0       _testhull                  100227b0 f   linkfunc.obj
 0001:000217f0       _trigger                   100227f0 f   linkfunc.obj
 0001:00021830       _trigger_auto              10022830 f   linkfunc.obj
 0001:00021870       _trigger_autosave          10022870 f   linkfunc.obj
 0001:000218b0       _trigger_camera            100228b0 f   linkfunc.obj
 0001:000218f0       _trigger_cdaudio           100228f0 f   linkfunc.obj
 0001:00021930       _trigger_changelevel       10022930 f   linkfunc.obj
 0001:00021970       _trigger_changetarget      10022970 f   linkfunc.obj
 0001:000219b0       _trigger_counter           100229b0 f   linkfunc.obj
 0001:000219f0       _trigger_endsection        100229f0 f   linkfunc.obj
 0001:00021a30       _trigger_gravity           10022a30 f   linkfunc.obj
 0001:00021a70       _trigger_hurt              10022a70 f   linkfunc.obj
 0001:00021ab0       _trigger_monsterjump       10022ab0 f   linkfunc.obj
 0001:00021af0       _trigger_multiple          10022af0 f   linkfunc.obj
 0001:00021b30       _trigger_once              10022b30 f   linkfunc.obj
 0001:00021b70       _trigger_push              10022b70 f   linkfunc.obj
 0001:00021bb0       _trigger_relay             10022bb0 f   linkfunc.obj
 0001:00021bf0       _trigger_teleport          10022bf0 f   linkfunc.obj
 0001:00021c30       _trigger_transition        10022c30 f   linkfunc.obj
 0001:00021c70       _weapon_357                10022c70 f   linkfunc.obj
 0001:00021cb0       _weapon_9mmAR              10022cb0 f   linkfunc.obj
 0001:00021cf0       _weapon_9mmhandgun         10022cf0 f   linkfunc.obj
 0001:00021d30       _weapon_crossbow           10022d30 f   linkfunc.obj
 0001:00021d70       _weapon_crowbar            10022d70 f   linkfunc.obj
 0001:00021db0       _weapon_egon               10022db0 f   linkfunc.obj
 0001:00021df0       _weapon_gauss              10022df0 f   linkfunc.obj
 0001:00021e30       _weapon_glock              10022e30 f   linkfunc.obj
 0001:00021e70       _weapon_handgrenade        10022e70 f   linkfunc.obj
 0001:00021eb0       _weapon_hornetgun          10022eb0 f   linkfunc.obj
 0001:00021ef0       _weapon_mp5                10022ef0 f   linkfunc.obj
 0001:00021f30       _weapon_python             10022f30 f   linkfunc.obj
 0001:00021f70       _weapon_rpg                10022f70 f   linkfunc.obj
 0001:00021fb0       _weapon_satchel            10022fb0 f   linkfunc.obj
 0001:00021ff0       _weapon_shotgun            10022ff0 f   linkfunc.obj
 0001:00022030       _weapon_snark              10023030 f   linkfunc.obj
 0001:00022070       _weapon_tripmine           10023070 f   linkfunc.obj
 0001:000220b0       _weaponbox                 100230b0 f   linkfunc.obj
 0001:000220f0       _worldspawn                100230f0 f   linkfunc.obj
 0001:00022130       _world_items               10023130 f   linkfunc.obj
 0001:00022170       _xen_hair                  10023170 f   linkfunc.obj
 0001:000221b0       _xen_hull                  100231b0 f   linkfunc.obj
 0001:000221f0       _xen_plantlight            100231f0 f   linkfunc.obj
 0001:00022230       _xen_spore_large           10023230 f   linkfunc.obj
 0001:00022270       _xen_spore_medium          10023270 f   linkfunc.obj
 0001:000222b0       _xen_spore_small           100232b0 f   linkfunc.obj
 0001:000222f0       _xen_tree                  100232f0 f   linkfunc.obj
 0001:00022330       _xen_ttrigger              10023330 f   linkfunc.obj
 0001:00022370       _entity_botcam             10023370 f   linkfunc.obj
 0001:000223b0       _CTF_Map                   100233b0 f   linkfunc.obj
 0001:000223f0       _info_areadef              100233f0 f   linkfunc.obj
 0001:00022430       _info_tf_teamcheck         10023430 f   linkfunc.obj
 0001:00022470       _info_tf_teamset           10023470 f   linkfunc.obj
 0001:000224b0       _func_nogrenades           100234b0 f   linkfunc.obj
 0001:000224f0       _building_dispenser        100234f0 f   linkfunc.obj
 0001:00022530       _building_sentrygun        10023530 f   linkfunc.obj
 0001:00022570       _building_sentrygun_base   10023570 f   linkfunc.obj
 0001:000225b0       _detpack                   100235b0 f   linkfunc.obj
 0001:000225f0       _func_nobuild              100235f0 f   linkfunc.obj
 0001:00022630       _ghost                     10023630 f   linkfunc.obj
 0001:00022670       _info_player_teamspawn     10023670 f   linkfunc.obj
 0001:000226b0       _info_tfdetect             100236b0 f   linkfunc.obj
 0001:000226f0       _info_tfgoal               100236f0 f   linkfunc.obj
 0001:00022730       _info_tfgoal_timer         10023730 f   linkfunc.obj
 0001:00022770       _item_armor1               10023770 f   linkfunc.obj
 0001:000227b0       _item_armor2               100237b0 f   linkfunc.obj
 0001:000227f0       _item_armor3               100237f0 f   linkfunc.obj
 0001:00022830       _item_artifact_envirosuit  10023830 f   linkfunc.obj
 0001:00022870       _item_artifact_invisibility 10023870 f   linkfunc.obj
 0001:000228b0       _item_artifact_invulnerability 100238b0 f   linkfunc.obj
 0001:000228f0       _item_artifact_super_damage 100238f0 f   linkfunc.obj
 0001:00022930       _item_cells                10023930 f   linkfunc.obj
 0001:00022970       _item_health               10023970 f   linkfunc.obj
 0001:000229b0       _item_rockets              100239b0 f   linkfunc.obj
 0001:000229f0       _item_shells               100239f0 f   linkfunc.obj
 0001:00022a30       _item_spikes               10023a30 f   linkfunc.obj
 0001:00022a70       _item_tfgoal               10023a70 f   linkfunc.obj
 0001:00022ab0       _i_p_t                     10023ab0 f   linkfunc.obj
 0001:00022af0       _i_t_g                     10023af0 f   linkfunc.obj
 0001:00022b30       _i_t_t                     10023b30 f   linkfunc.obj
 0001:00022b70       _teledeath                 10023b70 f   linkfunc.obj
 0001:00022bb0       _tf_ammo_rpgclip           10023bb0 f   linkfunc.obj
 0001:00022bf0       _tf_flame                  10023bf0 f   linkfunc.obj
 0001:00022c30       _tf_flamethrower_burst     10023c30 f   linkfunc.obj
 0001:00022c70       _tf_gl_grenade             10023c70 f   linkfunc.obj
 0001:00022cb0       _tf_ic_rocket              10023cb0 f   linkfunc.obj
 0001:00022cf0       _tf_nailgun_nail           10023cf0 f   linkfunc.obj
 0001:00022d30       _tf_rpg_rocket             10023d30 f   linkfunc.obj
 0001:00022d70       _tf_weapon_ac              10023d70 f   linkfunc.obj
 0001:00022db0       _tf_weapon_autorifle       10023db0 f   linkfunc.obj
 0001:00022df0       _tf_weapon_axe             10023df0 f   linkfunc.obj
 0001:00022e30       _tf_weapon_caltrop         10023e30 f   linkfunc.obj
 0001:00022e70       _tf_weapon_caltropgrenade  10023e70 f   linkfunc.obj
 0001:00022eb0       _tf_weapon_concussiongrenade 10023eb0 f   linkfunc.obj
 0001:00022ef0       _tf_weapon_empgrenade      10023ef0 f   linkfunc.obj
 0001:00022f30       _tf_weapon_flamethrower    10023f30 f   linkfunc.obj
 0001:00022f70       _tf_weapon_gasgrenade      10023f70 f   linkfunc.obj
 0001:00022fb0       _tf_weapon_genericprimedgrenade 10023fb0 f   linkfunc.obj
 0001:00022ff0       _tf_weapon_gl              10023ff0 f   linkfunc.obj
 0001:00023030       _tf_weapon_ic              10024030 f   linkfunc.obj
 0001:00023070       _tf_weapon_knife           10024070 f   linkfunc.obj
 0001:000230b0       _tf_weapon_medikit         100240b0 f   linkfunc.obj
 0001:000230f0       _tf_weapon_mirvbomblet     100240f0 f   linkfunc.obj
 0001:00023130       _tf_weapon_mirvgrenade     10024130 f   linkfunc.obj
 0001:00023170       _tf_weapon_nailgrenade     10024170 f   linkfunc.obj
 0001:000231b0       _tf_weapon_napalmgrenade   100241b0 f   linkfunc.obj
 0001:000231f0       _tf_weapon_ng              100241f0 f   linkfunc.obj
 0001:00023230       _tf_weapon_normalgrenade   10024230 f   linkfunc.obj
 0001:00023270       _tf_weapon_pl              10024270 f   linkfunc.obj
 0001:000232b0       _tf_weapon_railgun         100242b0 f   linkfunc.obj
 0001:000232f0       _tf_weapon_rpg             100242f0 f   linkfunc.obj
 0001:00023330       _tf_weapon_shotgun         10024330 f   linkfunc.obj
 0001:00023370       _tf_weapon_sniperrifle     10024370 f   linkfunc.obj
 0001:000233b0       _tf_weapon_spanner         100243b0 f   linkfunc.obj
 0001:000233f0       _tf_weapon_superng         100243f0 f   linkfunc.obj
 0001:00023430       _tf_weapon_supershotgun    10024430 f   linkfunc.obj
 0001:00023470       _tf_weapon_tranq           10024470 f   linkfunc.obj
 0001:000234b0       _timer                     100244b0 f   linkfunc.obj
 0001:000234f0       ?CheckMap@@YAHPBD@Z        100244f0 f   mapvoting.obj
 0001:00023560       ?VoteCast@@YAXPAUedict_s@@PBD@Z 10024560 f   mapvoting.obj
 0001:000237a0       ?VoteStart@@YAXPAUedict_s@@@Z 100247a0 f   mapvoting.obj
 0001:00023b10       ?VoteEnd@@YAXXZ            10024b10 f   mapvoting.obj
 0001:00023d30       ?CancelMapVote@@YAXXZ      10024d30 f   mapvoting.obj
 0001:00023d90       ?SayWinningMap@@YAXXZ      10024d90 f   mapvoting.obj
 0001:00023f50       ?SayNextMap@@YAXXZ         10024f50 f   mapvoting.obj
 0001:00023f90       ?DropFlag@@YAXPAUedict_s@@@Z 10024f90 f   mediflag.obj
 0001:00024230       ?MediFlagThink@@YA_NPAUedict_s@@@Z 10025230 f   mediflag.obj
 0001:000243e0       ?DestroyFlag@@YAXPAUedict_s@@H@Z 100253e0 f   mediflag.obj
 0001:000244e0       ?DropMailFlag@@YAXPAUedict_s@@PBD@Z 100254e0 f   messageflag.obj
 0001:000247f0       ?MailFlagThink@@YA_NPAUedict_s@@@Z 100257f0 f   messageflag.obj
 0001:000248e0       ?DestroyMailFlag@@YAXPAUedict_s@@@Z 100258e0 f   messageflag.obj
 0001:00024980       ?PrecacheResources@@YAXXZ  10025980 f   modelprecache.obj
 0001:00026b80       ?MakePlayersShine@@YAXXZ   10027b80 f   nightgame.obj
 0001:00026c00       ?NAOChecks@@YAXXZ          10027c00 f   nightgame.obj
 0001:00026cb0       ?BLDChecks@@YAXXZ          10027cb0 f   nightgame.obj
 0001:00026cf0       ?AdmForceBlue@@YAXPAUedict_s@@PBD@Z 10027cf0 f   playercommands.obj
 0001:00026dd0       ?AdmForceRed@@YAXPAUedict_s@@PBD@Z 10027dd0 f   playercommands.obj
 0001:00026eb0       ?AdmForceYellow@@YAXPAUedict_s@@PBD@Z 10027eb0 f   playercommands.obj
 0001:00026f90       ?AdmForceGreen@@YAXPAUedict_s@@PBD@Z 10027f90 f   playercommands.obj
 0001:00027070       ?AdmClientExecute@@YAXPAUedict_s@@PBD1@Z 10028070 f   playercommands.obj
 0001:00027130       ?AdmVoxToEveryone@@YAXPAUedict_s@@PBD@Z 10028130 f   playercommands.obj
 0001:000271e0       ?AdmExecuteToAll@@YAXPAUedict_s@@PBD@Z 100281e0 f   playercommands.obj
 0001:00027280       ?AdmMoveHere@@YAXPAUedict_s@@PBD@Z 10028280 f   playercommands.obj
 0001:00027330       ?AdmMoveThere@@YAXPAUedict_s@@PBD@Z 10028330 f   playercommands.obj
 0001:000273e0       ?AdmChangeClass@@YAXPAUedict_s@@PBD1@Z 100283e0 f   playercommands.obj
 0001:00027490       ?AdmTakeGuns@@YAXPAUedict_s@@PBD@Z 10028490 f   playercommands.obj
 0001:00027590       ?AdmSpray@@YAXPAUedict_s@@PBD@Z 10028590 f   playercommands.obj
 0001:00027630       ?AdmAllowVote@@YAXPAUedict_s@@PBD@Z 10028630 f   playercommands.obj
 0001:000276d0       ?AdmWarn@@YAXPAUedict_s@@PBD@Z 100286d0 f   playercommands.obj
 0001:00027780       ?AdmSetCustomSpawn@@YAXPAUedict_s@@PBD@Z 10028780 f   playercommands.obj
 0001:00027840       ?AdmKillCustomSpawn@@YAXPAUedict_s@@PBD@Z 10028840 f   playercommands.obj
 0001:00027910       ?AdmSetTime@@YAXPAUedict_s@@PBDH@Z 10028910 f   playercommands.obj
 0001:00027990       ?PrivateMessage@@YAXPAUedict_s@@PBD1@Z 10028990 f   playercommands.obj
 0001:00027bf0       ?AdmAllowSpec@@YAXPAUedict_s@@PBD@Z 10028bf0 f   playercommands.obj
 0001:00027c50       ?AdmMsgBox@@YAXPAUedict_s@@PBD@Z 10028c50 f   playercommands.obj
 0001:00027cf0       ?TFXPlayerPreThink@@YAHPAUedict_s@@@Z 10028cf0 f   playerstuff.obj
 0001:00028cd0       ?AntiCamp@@YAXPAUedict_s@@@Z 10029cd0 f   playerstuff.obj
 0001:00028d60       ?AntiCampOver@@YAXPAUedict_s@@@Z 10029d60 f   playerstuff.obj
 0001:00028db0       ?CustomGunModelSwitch@@YAXPAUedict_s@@@Z 10029db0 f   playerstuff.obj
 0001:00029060       ?InitInterface@@YAXXZ      1002a060 f   plugin_api.obj
 0001:00029443       ?GetPlayerFromIndex@@YAPAUedict_s@@H@Z 1002a443 f   plugin_api.obj
 0001:0002946e       ?GetPluginInterfaceVer@@YAMXZ 1002a46e f   plugin_api.obj
 0001:00029479       ?GetName@@YAPADH@Z         1002a479 f   plugin_api.obj
 0001:000294c5       ?GetAuthID@@YAPADH@Z       1002a4c5 f   plugin_api.obj
 0001:00029509       ?GetUserID@@YAHH@Z         1002a509 f   plugin_api.obj
 0001:00029546       ?IndexFromText@@YAHPAD@Z   1002a546 f   plugin_api.obj
 0001:00029559       ?GetCredits@@YAHH@Z        1002a559 f   plugin_api.obj
 0001:0002958a       ?SetCredits@@YAHHH@Z       1002a58a f   plugin_api.obj
 0001:000295c0       ?GetTime@@YAJH@Z           1002a5c0 f   plugin_api.obj
 0001:000295f1       ?GetOrigName@@YAPADH@Z     1002a5f1 f   plugin_api.obj
 0001:00029637       ?PluginGetRank@@YAPADH@Z   1002a637 f   plugin_api.obj
 0001:00029694       ?Set_Ammo_Shells@@YAHHH@Z  1002a694 f   plugin_api.obj
 0001:000296cd       ?Get_Ammo_Shells@@YAHH@Z   1002a6cd f   plugin_api.obj
 0001:00029700       ?Set_Ammo_Nails@@YAHHH@Z   1002a700 f   plugin_api.obj
 0001:00029739       ?Get_Ammo_Nails@@YAHH@Z    1002a739 f   plugin_api.obj
 0001:0002976c       ?Set_Ammo_Rockets@@YAHHH@Z 1002a76c f   plugin_api.obj
 0001:000297a5       ?Get_Ammo_Rockets@@YAHH@Z  1002a7a5 f   plugin_api.obj
 0001:000297d8       ?Set_Ammo_Cells@@YAHHH@Z   1002a7d8 f   plugin_api.obj
 0001:00029811       ?Get_Ammo_Cells@@YAHH@Z    1002a811 f   plugin_api.obj
 0001:00029844       ?Set_Ammo_Gren1@@YAHHH@Z   1002a844 f   plugin_api.obj
 0001:0002987a       ?Get_Ammo_Gren1@@YAHH@Z    1002a87a f   plugin_api.obj
 0001:000298aa       ?Set_Ammo_Gren2@@YAHHH@Z   1002a8aa f   plugin_api.obj
 0001:000298e0       ?Get_Ammo_Gren2@@YAHH@Z    1002a8e0 f   plugin_api.obj
 0001:00029910       ?Set_Ammo_Proxmine@@YAHHH@Z 1002a910 f   plugin_api.obj
 0001:00029946       ?Get_Ammo_Proxmine@@YAHH@Z 1002a946 f   plugin_api.obj
 0001:00029977       ?Set_Ammo_Snarks@@YAHHH@Z  1002a977 f   plugin_api.obj
 0001:000299ad       ?Get_Ammo_Snarks@@YAHH@Z   1002a9ad f   plugin_api.obj
 0001:000299de       ?Set_Ammo_C4@@YAHHH@Z      1002a9de f   plugin_api.obj
 0001:00029a14       ?Get_Ammo_C4@@YAHH@Z       1002aa14 f   plugin_api.obj
 0001:00029a45       ?Set_Ammo_Tripmine@@YAHHH@Z 1002aa45 f   plugin_api.obj
 0001:00029a7b       ?Get_Ammo_Tripmine@@YAHH@Z 1002aa7b f   plugin_api.obj
 0001:00029aac       ?ResetBuild@@YAHHH@Z       1002aaac f   plugin_api.obj
 0001:00029b4d       ?Plugin_Gag@@YAHH@Z        1002ab4d f   plugin_api.obj
 0001:00029b84       ?Plugin_UnGag@@YAHH@Z      1002ab84 f   plugin_api.obj
 0001:00029bbb       ?Plugin_Invis@@YAHHH@Z     1002abbb f   plugin_api.obj
 0001:00029c33       ?Plugin_Godmode@@YAHHH@Z   1002ac33 f   plugin_api.obj
 0001:00029c79       ?Plugin_Noclip@@YAHHH@Z    1002ac79 f   plugin_api.obj
 0001:00029cbf       ?Plugin_Glow@@YAHHHHHH@Z   1002acbf f   plugin_api.obj
 0001:00029d2d       ?Set_Playerclass@@YAHHH@Z  1002ad2d f   plugin_api.obj
 0001:00029d5d       ?Get_Playerclass@@YAHH@Z   1002ad5d f   plugin_api.obj
 0001:00029d88       ?Set_Armor@@YAHHH@Z        1002ad88 f   plugin_api.obj
 0001:00029db8       ?Get_Armor@@YAHH@Z         1002adb8 f   plugin_api.obj
 0001:00029de8       ?Set_Health@@YAHHH@Z       1002ade8 f   plugin_api.obj
 0001:00029e18       ?Get_Health@@YAHH@Z        1002ae18 f   plugin_api.obj
 0001:00029e48       ?Set_CustomSkin@@YAHHH@Z   1002ae48 f   plugin_api.obj
 0001:00029e7c       ?Get_CustomSkin@@YAHH@Z    1002ae7c f   plugin_api.obj
 0001:00029eaa       ?Set_AdminAccess@@YAHHH@Z  1002aeaa f   plugin_api.obj
 0001:00029ee0       ?Get_AdminAccess@@YAHH@Z   1002aee0 f   plugin_api.obj
 0001:00029f11       ?Set_View@@YAHHH@Z         1002af11 f   plugin_api.obj
 0001:00029f55       ?Plugin_Color_Trail@@YAHHHHH@Z 1002af55 f   plugin_api.obj
 0001:0002a04a       ?Plugin_Client_Command@@YAHHPAD@Z 1002b04a f   plugin_api.obj
 0001:0002a07f       ?Plugin_Set_Origin@@YAHHHHH@Z 1002b07f f   plugin_api.obj
 0001:0002a0c7       ?Plugin_Get_Origin@@YAHHAAH00@Z 1002b0c7 f   plugin_api.obj
 0001:0002a124       ?Plugin_Hurt@@YAHHHH@Z     1002b124 f   plugin_api.obj
 0001:0002a161       ?Plugin_Set_Velocity@@YAHHMMM@Z 1002b161 f   plugin_api.obj
 0001:0002a1a9       ?Get_Client_KeyValue@@YAPADHPAD@Z 1002b1a9 f   plugin_api.obj
 0001:0002a203       ?Set_Client_KeyValue@@YAHHPAD0@Z 1002b203 f   plugin_api.obj
 0001:0002a25b       ?HasFencepost@@YAHH@Z      1002b25b f   plugin_api.obj
 0001:0002a297       ?HasManualTurret@@YAHH@Z   1002b297 f   plugin_api.obj
 0001:0002a2d3       ?HasC4@@YAHH@Z             1002b2d3 f   plugin_api.obj
 0001:0002a333       ?HasProxmine@@YAHH@Z       1002b333 f   plugin_api.obj
 0001:0002a393       ?HasTripmine@@YAHH@Z       1002b393 f   plugin_api.obj
 0001:0002a3f3       ?InStealth@@YAHH@Z         1002b3f3 f   plugin_api.obj
 0001:0002a42f       ?HasPackBomb@@YAHH@Z       1002b42f f   plugin_api.obj
 0001:0002a436       ?HasSuperFlame@@YAHH@Z     1002b436 f   plugin_api.obj
 0001:0002a496       ?HasSentryGun@@YAHH@Z      1002b496 f   plugin_api.obj
 0001:0002a4d2       ?HasDispenser@@YAHH@Z      1002b4d2 f   plugin_api.obj
 0001:0002a50e       ?TextMessage@@YAHHHPADZZ   1002b50e f   plugin_api.obj
 0001:0002a5df       ?ColorMessage@@YAHHHHHHHHHHHPADZZ 1002b5df f   plugin_api.obj
 0001:0002a6e1       ?Plugin_ScreenShake@@YAHM@Z 1002b6e1 f   plugin_api.obj
 0001:0002a712       ?Plugin_ScreenFade@@YAHHHHH@Z 1002b712 f   plugin_api.obj
 0001:0002a754       ?Plugin_StartMapVote@@YAXXZ 1002b754 f   plugin_api.obj
 0001:0002a763       ?Plugin_EndMapVote@@YAXXZ  1002b763 f   plugin_api.obj
 0001:0002a76d       ?Plugin_CancelMapVote@@YAXXZ 1002b76d f   plugin_api.obj
 0001:0002a777       ?Plugin_ResponseBotSay@@YAHPADZZ 1002b777 f   plugin_api.obj
 0001:0002a7fa       ?Plugin_LogWrite@@YAHPAD@Z 1002b7fa f   plugin_api.obj
 0001:0002a80d       ?Get_Cvar@@YAPADPAD@Z      1002b80d f   plugin_api.obj
 0001:0002a832       ?Set_CvarString@@YAXPAD0@Z 1002b832 f   plugin_api.obj
 0001:0002a848       ?Set_CvarFloat@@YAXPADM@Z  1002b848 f   plugin_api.obj
 0001:0002a85e       ?Get_Currentmap@@YAPADXZ   1002b85e f   plugin_api.obj
 0001:0002a88a       ?Get_Nextmap@@YAPADXZ      1002b88a f   plugin_api.obj
 0001:0002a8ec       ?Plugin_Server_Command@@YAXPAD@Z 1002b8ec f   plugin_api.obj
 0001:0002a8fe       ?Get_BotName1@@YAPADXZ     1002b8fe f   plugin_api.obj
 0001:0002a908       ?Get_BotName2@@YAPADXZ     1002b908 f   plugin_api.obj
 0001:0002a912       ?Plugin_PlayerCount@@YAHXZ 1002b912 f   plugin_api.obj
 0001:0002a997       ?PointTo@@YAHHH@Z          1002b997 f   plugin_api.obj
 0001:0002aab8       ?Plugin_Grunt@@YAX_NHHH@Z  1002bab8 f   plugin_api.obj
 0001:0002aad5       ?Plugin_Garg@@YAX_NHHH@Z   1002bad5 f   plugin_api.obj
 0001:0002aaf2       ?Plugin_Get_Time@@YAMXZ    1002baf2 f   plugin_api.obj
 0001:0002aafe       ?Plugin_ValidMap@@YAHPAD@Z 1002bafe f   plugin_api.obj
 0001:0002ab1d       ?Plugin_MessageBox@@YAXPAD@Z 1002bb1d f   plugin_api.obj
 0001:0002ac58       ?Plugin_WriteBack@@YAXXZ   1002bc58 f   plugin_api.obj
 0001:0002ac62       ?Plugin_CreateLight@@YAXHHHHHH@Z 1002bc62 f   plugin_api.obj
 0001:0002ad03       ?Plugin_CreateEntity@@YAXHHHHHHPAD@Z 1002bd03 f   plugin_api.obj
 0001:0002add6       ?Plugin_LoadEntLayout@@YAHPAD@Z 1002bdd6 f   plugin_api.obj
 0001:0002adf9       ?Plugin_UnloadEntLayout@@YAHPAD@Z 1002bdf9 f   plugin_api.obj
 0001:0002ae0e       ?Plugin_TriggerEntity@@YAXPAD@Z 1002be0e f   plugin_api.obj
 0001:0002ae8a       ?Plugin_RandomFloat@@YAMMM@Z 1002be8a f   plugin_api.obj
 0001:0002aea0       ?Plugin_RandomLong@@YAJJJ@Z 1002bea0 f   plugin_api.obj
 0001:0002aeb6       ?SkinNameFromIndex@@YAPADH@Z 1002beb6 f   plugin_api.obj
 0001:0002aedc       ?Get_TotalSkins@@YAHXZ     1002bedc f   plugin_api.obj
 0001:0002aef0       ?INDEXENT@@YAPAUedict_s@@H@Z 1002bef0 f i plugin_api.obj
 0001:0002af10       ?MESSAGE_BEGIN@@YAXHHPBMPAUedict_s@@@Z 1002bf10 f i plugin_api.obj
 0001:0002af30       ?ENTINDEX@@YAHPAUedict_s@@@Z 1002bf30 f i plugin_api.obj
 0001:0002af50       ?entindex@CBaseEntity@@QAEHXZ 1002bf50 f i plugin_api.obj
 0001:0002af70       ?edict@CBaseEntity@@QAEPAUedict_s@@XZ 1002bf70 f i plugin_api.obj
 0001:0002af90       ?ENT@@YAPAUedict_s@@PBUentvars_s@@@Z 1002bf90 f i plugin_api.obj
 0001:0002afa0       ?FStrEq@@YAHPBD0@Z         1002bfa0 f i plugin_api.obj
 0001:0002afc0       ??0Vector@@QAE@XZ          1002bfc0 f i plugin_api.obj
 0001:0002afd0       ??HVector@@QBE?AV0@ABV0@@Z 1002bfd0 f i plugin_api.obj
 0001:0002b030       ??DVector@@QBE?AV0@M@Z     1002c030 f i plugin_api.obj
 0001:0002b080       ??0TraceResult@@QAE@XZ     1002c080 f i plugin_api.obj
 0001:0002b0b0       ?VARS@@YAPAUentvars_s@@PAUedict_s@@@Z 1002c0b0 f i plugin_api.obj
 0001:0002b0d0       ?FNullEnt@@YAHPBUedict_s@@@Z 1002c0d0 f i plugin_api.obj
 0001:0002b110       ?OFFSET@@YAHPBUedict_s@@@Z 1002c110 f i plugin_api.obj
 0001:0002b130       ?FNullEnt@@YAHH@Z          1002c130 f i plugin_api.obj
 0001:0002b140       ?GetProcAddresses2@@YAHPAPAUHINSTANCE__@@HZZ 1002c140 f   plugins.obj
 0001:0002b1a0       ?LoadPlugins@@YAXXZ        1002c1a0 f   plugins.obj
 0001:0002b2a0       ?LoadAPlugin@@YAXPAD@Z     1002c2a0 f   plugins.obj
 0001:0002b370       ?UnloadPlugins@@YAXXZ      1002c370 f   plugins.obj
 0001:0002b3d0       ?PluginsThink@@YAXXZ       1002c3d0 f   plugins.obj
 0001:0002b420       ?PluginsClientDisconnect@@YAXH@Z 1002c420 f   plugins.obj
 0001:0002b480       ?PluginsClientConnect@@YAXHPBD0@Z 1002c480 f   plugins.obj
 0001:0002b4e0       ?PluginsClientCommand@@YA_NHPBD0@Z 1002c4e0 f   plugins.obj
 0001:0002b560       ?DropMine@@YAXPAUedict_s@@@Z 1002c560 f   proxmine.obj
 0001:0002b900       ?DetonateMines@@YAXPAUedict_s@@H@Z 1002c900 f   proxmine.obj
 0001:0002ba80       ?ProxMineThink@@YA_NPAUedict_s@@@Z 1002ca80 f   proxmine.obj
 0001:0002bdb0       ?GetRank@@YAHJ@Z           1002cdb0 f   ranks.obj
 0001:0002be10       ?JustChangedRank@@YA_NJ@Z  1002ce10 f   ranks.obj
 0001:0002be40       ?NextRankAmount@@YAHJ@Z    1002ce40 f   ranks.obj
 0001:0002beb0       ?BotTalkAll@@YAXPAD@Z      1002ceb0 f   responsebot.obj
 0001:0002bef0       ?BotTalkOneArgs@@YAXPAUedict_s@@PADZZ 1002cef0 f   responsebot.obj
 0001:0002bf80       ?BotTalkAllArgs@@YAXPADZZ  1002cf80 f   responsebot.obj
 0001:0002bff0       ?BotTalkOne@@YAXPAUedict_s@@PAD@Z 1002cff0 f   responsebot.obj
 0001:0002c040       ?BotCom@@YAXPAUedict_s@@PBDH@Z 1002d040 f   responsebot.obj
 0001:0002e2d0       ?RevivePlayer@@YAXPAUedict_s@@@Z 1002f2d0 f   revive.obj
 0001:0002e350       ?MediRevive@@YAXPAUedict_s@@@Z 1002f350 f   revive.obj
 0001:0002e480       ?ReSupplyPlayer@@YAXPAUedict_s@@@Z 1002f480 f   revive.obj
 0001:0002e5d0       ?HandleServerCommands@@YAXXZ 1002f5d0 f   servercommands.obj
 0001:0002e8c0       ?ApplySkin@@YAXPAUedict_s@@H@Z 1002f8c0 f   skins.obj
 0001:0002ed40       ?KillSkin@@YAXPAUedict_s@@@Z 1002fd40 f   skins.obj
 0001:0002ee60       ?InitSkins@@YAXXZ          1002fe60 f   skins.obj
 0001:0002f170       ?SkinThink@@YA_NPAUedict_s@@@Z 10030170 f   skins.obj
 0001:0002f570       ?SayCurrentSkin@@YAXPAUedict_s@@@Z 10030570 f   skins.obj
 0001:0002f660       ?GetPlayerSkinIndex@@YAHPAUedict_s@@@Z 10030660 f   skins.obj
 0001:0002f6f0       ?ThrowSnark@@YAXPAUedict_s@@@Z 100306f0 f   snarks.obj
 0001:0002fbe0       ?SnarkThink@@YA_NPAUedict_s@@@Z 10030be0 f   snarks.obj
 0001:000302f0       ?FindVictim@@YAPAUedict_s@@PAU1@H@Z 100312f0 f   snarks.obj
 0001:00030440       ?EnemyIsVisible@@YAHPAUedict_s@@0@Z 10031440 f   snarks.obj
 0001:000304c0       ?KillSnark@@YAXPAUedict_s@@@Z 100314c0 f   snarks.obj
 0001:000305a0       ?ActivateStealth@@YAXPAUedict_s@@@Z 100315a0 f   stealth.obj
 0001:000307b0       ?StealthEntThink@@YA_NPAUedict_s@@@Z 100317b0 f   stealth.obj
 0001:00030b10       ?DeactivateStealth@@YAXPAUedict_s@@@Z 10031b10 f   stealth.obj
 0001:00030c00       ?ChargeFlame@@YAXPAUedict_s@@@Z 10031c00 f   superflame.obj
 0001:00030ed0       ?StartFlameThink@@YA_NPAUedict_s@@@Z 10031ed0 f   superflame.obj
 0001:00031160       ?CancelFlame@@YAXPAUedict_s@@@Z 10032160 f   superflame.obj
 0001:00031210       ?DoTheFlame@@YAXVVector@@PAUedict_s@@@Z 10032210 f   superflame.obj
 0001:000313a0       ?SuperFlameThink@@YA_NPAUedict_s@@@Z 100323a0 f   superflame.obj
 0001:00031620       ?SwitchToTazar@@YAXPAUedict_s@@@Z 10032620 f   tazar.obj
 0001:000316f0       ?FireTazar@@YAXPAUedict_s@@@Z 100326f0 f   tazar.obj
 0001:00031a60       ?AdmCreateTeleStart@@YAXPAUedict_s@@PBD@Z 10032a60 f   teleporters.obj
 0001:00031ba0       ?AdmCreateTeleEnd@@YAXPAUedict_s@@PBD@Z 10032ba0 f   teleporters.obj
 0001:00031da0       ?AdmKillTeleStructure@@YAXPAUedict_s@@PBD@Z 10032da0 f   teleporters.obj
 0001:00031f10       _ao_tfc_gun                10032f10 f   testentity.obj
 0001:00031f20       ?Spawn@CAutoOPGun@@UAEXXZ  10032f20 f   testentity.obj
 0001:00031fa0       ?KeyValue@CAutoOPGun@@UAEXPAUKeyValueData_s@@@Z 10032fa0 f   testentity.obj
 0001:00031fb0       ?Think@CAutoOPGun@@UAEXXZ  10032fb0 f   testentity.obj
 0001:00031fb0       ?RotateBrush@@YAXPAUedict_s@@@Z 10032fb0 f   testentity.obj
 0001:00031fb0       ?Precache@CAutoOPGun@@UAEXXZ 10032fb0 f   testentity.obj
 0001:00031fc0       ?GetClassPtr@@YAPAVCAutoOPGun@@PAV1@@Z 10032fc0 f i testentity.obj
 0001:00032010       ?Save@CAutoOPGun@@UAEHAAVCSave@@@Z 10033010 f i testentity.obj
 0001:00032010       ?Restore@CAutoOPGun@@UAEHAAVCRestore@@@Z 10033010 f i testentity.obj
 0001:00032010       ?DamageDecal@CAutoOPGun@@UAEHH@Z 10033010 f i testentity.obj
 0001:00032020       ?ObjectCaps@CAutoOPGun@@UAEHXZ 10033020 f i testentity.obj
 0001:00032030       ?UpdateOwner@CAutoOPGun@@UAEXXZ 10033030 f i testentity.obj
 0001:00032030       ?StartSneaking@CAutoOPGun@@UAEXXZ 10033030 f i testentity.obj
 0001:00032030       ?id@?$ctype@G@std@@$E      10033030 f i testentity.obj
 0001:00032030       ?SetObjectCollisionBox@CAutoOPGun@@UAEXXZ 10033030 f i testentity.obj
 0001:00032030       ?StopSneaking@CAutoOPGun@@UAEXXZ 10033030 f i testentity.obj
 0001:00032030       ?Activate@CAutoOPGun@@UAEXXZ 10033030 f i testentity.obj
 0001:00032030       ?OverrideReset@CAutoOPGun@@UAEXXZ 10033030 f i testentity.obj
 0001:00032040       ?SetToggleState@CAutoOPGun@@UAEXH@Z 10033040 f i testentity.obj
 0001:00032040       ?Touch@CAutoOPGun@@UAEXPAVCBaseEntity@@@Z 10033040 f i testentity.obj
 0001:00032040       ?DeathNotice@CAutoOPGun@@UAEXPAUentvars_s@@@Z 10033040 f i testentity.obj
 0001:00032040       ?Blocked@CAutoOPGun@@UAEXPAVCBaseEntity@@@Z 10033040 f i testentity.obj
 0001:00032050       ?TraceAttack@CAutoOPGun@@UAEXPAUentvars_s@@MVVector@@PAUTraceResult@@H@Z 10033050 f i testentity.obj
 0001:00032060       ?TakeDamage@CAutoOPGun@@UAEHPAUentvars_s@@0MH@Z 10033060 f i testentity.obj
 0001:00032070       ?TakeHealth@CAutoOPGun@@UAEHMH@Z 10033070 f i testentity.obj
 0001:00032080       ?BloodColor@CAutoOPGun@@UAEHXZ 10033080 f i testentity.obj
 0001:00032090       ?TraceBleed@CAutoOPGun@@UAEXMVVector@@PAUTraceResult@@H@Z 10033090 f i testentity.obj
 0001:000320a0       ?IsTriggered@CAutoOPGun@@UAEHPAVCBaseEntity@@@Z 100330a0 f i testentity.obj
 0001:000320b0       ?ReflectGauss@CAutoOPGun@@UAEHXZ 100330b0 f i testentity.obj
 0001:000320b0       ?GetToggleState@CAutoOPGun@@UAEHXZ 100330b0 f i testentity.obj
 0001:000320b0       ?MySquadMonsterPointer@CBaseEntity@@UAEPAVCSquadMonster@@XZ 100330b0 f i testentity.obj
 0001:000320b0       ?IsBSPModel@CAutoOPGun@@UAEHXZ 100330b0 f i testentity.obj
 0001:000320b0       ?IsAlive@CAutoOPGun@@UAEHXZ 100330b0 f i testentity.obj
 0001:000320b0       ?IsNetClient@CAutoOPGun@@UAEHXZ 100330b0 f i testentity.obj
 0001:000320b0       ?IsSneaking@CAutoOPGun@@UAEHXZ 100330b0 f i testentity.obj
 0001:000320b0       ?Illumination@CAutoOPGun@@UAEHXZ 100330b0 f i testentity.obj
 0001:000320b0       ?IsPlayer@CAutoOPGun@@UAEHXZ 100330b0 f i testentity.obj
 0001:000320b0       ?IsInWorld@CAutoOPGun@@UAEHXZ 100330b0 f i testentity.obj
 0001:000320b0       ?Classify@CAutoOPGun@@UAEHXZ 100330b0 f i testentity.obj
 0001:000320b0       ?FBecomeProne@CAutoOPGun@@UAEHXZ 100330b0 f i testentity.obj
 0001:000320b0       ?MyMonsterPointer@CBaseEntity@@UAEPAVCBaseMonster@@XZ 100330b0 f i testentity.obj
 0001:000320c0       ?Killed@CAutoOPGun@@UAEXPAUentvars_s@@H@Z 100330c0 f i testentity.obj
 0001:000320c0       ?AddPointsToTeam@CAutoOPGun@@UAEXHH@Z 100330c0 f i testentity.obj
 0001:000320c0       ?AddPoints@CAutoOPGun@@UAEXHH@Z 100330c0 f i testentity.obj
 0001:000320d0       ?GiveAmmo@CAutoOPGun@@UAEHHPADH@Z 100330d0 f i testentity.obj
 0001:000320e0       ?GetDelay@CAutoOPGun@@UAEMXZ 100330e0 f i testentity.obj
 0001:000320f0       ?IsMoving@CAutoOPGun@@UAEHXZ 100330f0 f i testentity.obj
 0001:00032140       ?FVisible@CAutoOPGun@@UAEHABVVector@@@Z 10033140 f i testentity.obj
 0001:00032140       ?FVisible@CAutoOPGun@@UAEHPAVCBaseEntity@@@Z 10033140 f i testentity.obj
 0001:00032140       ?OnControls@CAutoOPGun@@UAEHPAUentvars_s@@@Z 10033140 f i testentity.obj
 0001:00032140       ?AddPlayerItem@CAutoOPGun@@UAEHPAVCBasePlayerItem@@@Z 10033140 f i testentity.obj
 0001:00032140       ?HasTarget@CAutoOPGun@@UAEHH@Z 10033140 f i testentity.obj
 0001:00032140       ?RemovePlayerItem@CAutoOPGun@@UAEHPAVCBasePlayerItem@@@Z 10033140 f i testentity.obj
 0001:00032150       ?TeamID@CAutoOPGun@@UAEPBDXZ 10033150 f i testentity.obj
 0001:00032160       ?Respawn@CAutoOPGun@@UAEPAVCBaseEntity@@XZ 10033160 f i testentity.obj
 0001:00032160       ?GetNextTarget@CAutoOPGun@@UAEPAVCBaseEntity@@XZ 10033160 f i testentity.obj
 0001:00032170       ?Use@CAutoOPGun@@UAEXPAVCBaseEntity@@0W4USE_TYPE@@M@Z 10033170 f i testentity.obj
 0001:00032180       ?Center@CAutoOPGun@@UAE?AVVector@@XZ 10033180 f i testentity.obj
 0001:000321e0       ?EyePosition@CAutoOPGun@@UAE?AVVector@@XZ 100331e0 f i testentity.obj
 0001:000321e0       ?EarPosition@CAutoOPGun@@UAE?AVVector@@XZ 100331e0 f i testentity.obj
 0001:00032210       ?BodyTarget@CAutoOPGun@@UAE?AVVector@@ABV2@@Z 10033210 f i testentity.obj
 0001:00032230       ??_9@$BKM@AE               10033230 f i testentity.obj
 0001:00032240       ?AdmShowNodes@@YAXPAUedict_s@@@Z 10033240 f   trainstuff.obj
 0001:00032280       ?AdmHideNodes@@YAXPAUedict_s@@@Z 10033280 f   trainstuff.obj
 0001:000322c0       ?AdmStartPath@@YAXPAUedict_s@@PBD@Z 100332c0 f   trainstuff.obj
 0001:00032850       ?DrawPath@@YAXPAUedict_s@@@Z 10033850 f   trainstuff.obj
 0001:00032bc0       ?AdmEndPath@@YAXPAUedict_s@@H@Z 10033bc0 f   trainstuff.obj
 0001:00032ea0       ?MakePathTrain@@YAXPAUedict_s@@PBD@Z 10033ea0 f   trainstuff.obj
 0001:000331c0       ?DeleteTrack@@YAXPAUedict_s@@PBD@Z 100341c0 f   trainstuff.obj
 0001:00033320       ?DrawTrackLines@@YAXPAUedict_s@@PBD@Z 10034320 f   trainstuff.obj
 0001:00033750       ?CheckTrack@@YAHPBD@Z      10034750 f   trainstuff.obj
 0001:000337f0       ?TrackExist@@YAHPBD@Z      100347f0 f   trainstuff.obj
 0001:00033890       ?PlaceTripMine@@YAXPAUedict_s@@@Z 10034890 f   tripmine.obj
 0001:00033d20       ?TripMineThink@@YA_NPAUedict_s@@@Z 10034d20 f   tripmine.obj
 0001:000341d0       ?DestroyTripMine@@YAXPAUedict_s@@@Z 100351d0 f   tripmine.obj
 0001:000342e0       ?DestroyPlayerTripMines@@YAXPAUedict_s@@H@Z 100352e0 f   tripmine.obj
 0001:00034470       ?UTIL_PlayerByIndex@@YAPAVCBaseEntity@@H@Z 10035470 f   util.obj
 0001:000344b0       ?ClientPrint@@YAXPAUentvars_s@@HPBD1111@Z 100354b0 f   util.obj
 0001:00034540       ?make_friendly@@YAHPAD@Z   10035540 f   util.obj
 0001:00034590       ?UTIL_LogPrintf@@YAXPADZZ  10035590 f   util.obj
 0001:000345c0       ?UTIL_FindEntityInSphere@@YAPAVCBaseEntity@@PAV1@ABVVector@@M@Z 100355c0 f   util.obj
 0001:00034610       ?UTIL_FindEntityByString@@YAPAVCBaseEntity@@PAV1@PBD1@Z 10035610 f   util.obj
 0001:00034660       ?UTIL_FindEntityByClassname@@YAPAVCBaseEntity@@PAV1@PBD@Z 10035660 f   util.obj
 0001:00034680       ?UTIL_VarArgs@@YAPADPADZZ  10035680 f   util.obj
 0001:000346a0       ?UTIL_SetOrigin@@YAXPAUentvars_s@@ABVVector@@@Z 100356a0 f   util.obj
 0001:000346c0       ?UTIL_ClientPrintAll@@YAXHPBD0000@Z 100356c0 f   util.obj
 0001:00034750       ?UTIL_HudMessage@@YAXPAVCBaseEntity@@ABUhudtextparms_s@@PBD@Z 10035750 f   util.obj
 0001:00034970       ?UTIL_HudMessageAll@@YAXABUhudtextparms_s@@PBD@Z 10035970 f   util.obj
 0001:000349c0       ?UTIL_ScreenFadeBuild@@YAXAAUScreenFade@@ABVVector@@MMHH@Z 100359c0 f   util.obj
 0001:00034a30       ?UTIL_SetSize@@YAXPAUentvars_s@@ABVVector@@1@Z 10035a30 f   util.obj
 0001:00034a50       ?UTIL_VecToAngles@@YA?AVVector@@ABV1@@Z 10035a50 f   util.obj
 0001:00034a80       ?UTIL_ScreenFadeWrite@@YAXABUScreenFade@@PAVCBaseEntity@@@Z 10035a80 f   util.obj
 0001:00034b30       ?UTIL_ScreenFadeAll@@YAXABVVector@@MMHH@Z 10035b30 f   util.obj
 0001:00034ba0       ?UTIL_ScreenFade@@YAXPAVCBaseEntity@@ABVVector@@MMHH@Z 10035ba0 f   util.obj
 0001:00034be0       ?UTIL_ScreenShake@@YAXABVVector@@MMMM@Z 10035be0 f   util.obj
 0001:00034d50       ?UTIL_ScreenShakeAll@@YAXABVVector@@MMM@Z 10035d50 f   util.obj
 0001:00034d70       ?UTIL_MakeVectors@@YAXABVVector@@@Z 10035d70 f   util.obj
 0001:00034d80       ?stristr@@YAPADPBD0@Z      10035d80 f   util.obj
 0001:00034e30       ?UTIL_GiveAllWeapons@@YAXPAVCBaseEntity@@@Z 10035e30 f   util.obj
 0001:00034eb0       ?UTIL_FindEntityByTargetname@@YAPAVCBaseEntity@@PAV1@PBD@Z 10035eb0 f   util.obj
 0001:00034ed0       ?UTIL_SpectCheck@@YAHPAUedict_s@@@Z 10035ed0 f   util.obj
 0001:00034f00       ?UTIL_PointContents@@YAHABVVector@@@Z 10035f00 f   util.obj
 0001:00034f10       ?UTIL_TraceLine@@YAXABVVector@@0W4IGNORE_MONSTERS@@PAUedict_s@@PAUTraceResult@@@Z 10035f10 f   util.obj
 0001:00034f30       ?UTIL_CheckBox@@YA_NVVector@@0@Z 10035f30 f   util.obj
 0001:00035140       ?VecBModelOrigin@@YA?AVVector@@PAUentvars_s@@@Z 10036140 f   util.obj
 0001:000351a0       ?GetPartialPlayerIndex@@YAHPADH@Z 100361a0 f   util.obj
 0001:000354f0       ?fix_string@@YAXPADH@Z     100364f0 f   util.obj
 0001:00035530       ?IsMorePowerful@@YAHHH@Z   10036530 f   util.obj
 0001:00035580       ?TFXGiveWeapon@@YAXHPAUedict_s@@@Z 10036580 f   util.obj
 0001:00035760       ?TakeDamage@@YAXPAUedict_s@@0MH@Z 10036760 f   util.obj
 0001:00035900       ?DestroyMapCycle@@YAXPAUmapcycle_s@@@Z 10036900 f   util.obj
 0001:00035940       ?COM_Parse@@YAPADPAD@Z     10036940 f   util.obj
 0001:00035a20       ?COM_TokenWaiting@@YAHPAD@Z 10036a20 f   util.obj
 0001:00035a70       ?ReloadMapCycleFile@@YAHPADPAUmapcycle_s@@@Z 10036a70 f   util.obj
 0001:00035be0       ?CurrentMap@@YAPAUmapcycle_item_s@@PAUmapcycle_s@@@Z 10036be0 f   util.obj
 0001:00035c20       ?GetSGTeam@@YAHPAUedict_s@@@Z 10036c20 f   util.obj
 0001:00035c70       ?GetNumberOFFreeEnts@@YAHXZ 10036c70 f   util.obj
 0001:00035c90       ?GetEntAmountState@@YAHXZ  10036c90 f   util.obj
 0001:00035cb0       ?UTIL_AngleMod@@YAMM@Z     10036cb0 f   util.obj
 0001:00035d30       ?UTIL_BloodDecalTrace@@YAXPAUTraceResult@@H@Z 10036d30 f   util.obj
 0001:00035d80       ?UTIL_DecalTrace@@YAXPAUTraceResult@@H@Z 10036d80 f   util.obj
 0001:00035e80       ?UTIL_ShouldShowBlood@@YAHH@Z 10036e80 f   util.obj
 0001:00035ee0       ?UTIL_CountTeam@@YAHH@Z    10036ee0 f   util.obj
 0001:00035f30       ?TeamChangeValid@@YA_NHH@Z 10036f30 f   util.obj
 0001:00035ff0       ?UTIL_CountPlayers@@YAHXZ  10036ff0 f   util.obj
 0001:00036050       ?UTIL_PlayerStatusTracelines@@YAXXZ 10037050 f   util.obj
 0001:00036440       ?UTIL_BuildingPercentageHealth@@YAHMM@Z 10037440 f   util.obj
 0001:00036460       ?UTIL_PlayerRepairTracelines@@YAXPAUedict_s@@@Z 10037460 f   util.obj
 0001:000366e0       ?UTIL_SendCustomBucketMessages@@YAXPAUedict_s@@@Z 100376e0 f   util.obj
 0001:00036870       ?UTIL_ShowMenu@@YAXPAUedict_s@@HHHPAD@Z 10037870 f   util.obj
 0001:000368d0       ?PatchpvPrivateInt@@YAXPAUedict_s@@HH@Z 100378d0 f   util.obj
 0001:000368f0       ?GetpvPrivateInt@@YAHPAUedict_s@@H@Z 100378f0 f   util.obj
 0001:00036900       ?UTIL_RotateSG@@YAXPAUedict_s@@H@Z 10037900 f   util.obj
 0001:00036af0       ?UTIL_Sparks@@YAXABVVector@@@Z 10037af0 f   util.obj
 0001:00036b40       ?PlayRandomLoop@@YAXXZ     10037b40 f   util.obj
 0001:00036bf0       ?SendICQ@@YAHPAUedict_s@@PAD1111@Z 10037bf0 f   util.obj
 0001:00037010       ?SendStandardICQ@@YAXPAD00@Z 10038010 f   util.obj
 0001:00037190       ?strreplace@@YAXPAD00@Z    10038190 f   util.obj
 0001:000372a0       ?ifindstr@@YAHHPAD0@Z      100382a0 f   util.obj
 0001:00037330       ?leftcopy@@YAXPAD0H@Z      10038330 f   util.obj
 0001:00037370       ?rightcopy@@YAXPAD0H@Z     10038370 f   util.obj
 0001:000373c0       ?SuckBlood@@YAXPAUedict_s@@@Z 100383c0 f   vampirism.obj
 0001:00037600       ?DecalInit@@YAXXZ          10038600 f   world.obj
 0001:00037630       _send@16                   10038630 f   wsock32:WSOCK32.dll
 0001:00037636       _connect@12                10038636 f   wsock32:WSOCK32.dll
 0001:0003763c       _WSACleanup@0              1003863c f   wsock32:WSOCK32.dll
 0001:00037642       _socket@12                 10038642 f   wsock32:WSOCK32.dll
 0001:00037648       _htons@4                   10038648 f   wsock32:WSOCK32.dll
 0001:0003764e       _gethostbyname@4           1003864e f   wsock32:WSOCK32.dll
 0001:00037654       _WSAStartup@8              10038654 f   wsock32:WSOCK32.dll
 0001:0003765a       _fclose                    1003865a f   LIBCMT:fclose.obj
 0001:0003768b       __fclose_lk                1003868b f   LIBCMT:fclose.obj
 0001:000376d7       _fprintf                   100386d7 f   LIBCMT:fprintf.obj
 0001:00037713       __fsopen                   10038713 f   LIBCMT:fopen.obj
 0001:00037744       _fopen                     10038744 f   LIBCMT:fopen.obj
 0001:00037757       __fpmath                   10038757 f   LIBCMT:fpinit.obj
 0001:0003776e       __fpclear                  1003876e f   LIBCMT:fpinit.obj
 0001:0003776f       __cfltcvt_init             1003876f f   LIBCMT:fpinit.obj
 0001:000377a7       _atol                      100387a7 f   LIBCMT:atox.obj
 0001:00037832       _atoi                      10038832 f   LIBCMT:atox.obj
 0001:00037840       _strnicmp                  10038840 f   LIBCMT:strnicmp.obj
 0001:00037840       __strnicmp                 10038840 f   LIBCMT:strnicmp.obj
 0001:00037941       ?_JumpToContinuation@@YGXPAXPAUEHRegistrationNode@@@Z 10038941 f   LIBCMT:trnsctrl.obj
 0001:00037975       ?_CallMemberFunction1@@YGXPAX00@Z 10038975 f   LIBCMT:trnsctrl.obj
 0001:00037975       ?_CallMemberFunction0@@YGXPAX0@Z 10038975 f   LIBCMT:trnsctrl.obj
 0001:0003797c       ?_CallMemberFunction2@@YGXPAX00H@Z 1003897c f   LIBCMT:trnsctrl.obj
 0001:00037983       ?_UnwindNestedFrames@@YGXPAUEHRegistrationNode@@PAUEHExceptionRecord@@@Z 10038983 f   LIBCMT:trnsctrl.obj
 0001:000379d2       ___CxxFrameHandler         100389d2 f   LIBCMT:trnsctrl.obj
 0001:00037a08       ?_CallCatchBlock2@@YAPAXPAUEHRegistrationNode@@PBU_s_FuncInfo@@PAXHK@Z 10038a08 f   LIBCMT:trnsctrl.obj
 0001:00037a81       ?_CallSETranslator@@YAHPAUEHExceptionRecord@@PAUEHRegistrationNode@@PAX2PBU_s_FuncInfo@@H1@Z 10038a81 f   LIBCMT:trnsctrl.obj
 0001:00037bac       ?_GetRangeOfTrysToCheck@@YAPBU_s_TryBlockMapEntry@@PBU_s_FuncInfo@@HHPAI1@Z 10038bac f   LIBCMT:trnsctrl.obj
 0001:00037c28       __global_unwind2           10038c28 f   LIBCMT:exsup.obj
 0001:00037c6a       __local_unwind2            10038c6a f   LIBCMT:exsup.obj
 0001:00037cc2       __NLG_Return2              10038cc2 f   LIBCMT:exsup.obj
 0001:00037cd2       __abnormal_termination     10038cd2 f   LIBCMT:exsup.obj
 0001:00037cf5       __NLG_Notify1              10038cf5 f   LIBCMT:exsup.obj
 0001:00037cfe       __NLG_Notify               10038cfe f   LIBCMT:exsup.obj
 0001:00037d11       __NLG_Dispatch             10038d11 f   LIBCMT:exsup.obj
 0001:00037d16       __onexit                   10038d16 f   LIBCMT:onexit.obj
 0001:00037d94       _atexit                    10038d94 f   LIBCMT:onexit.obj
 0001:00037da6       ___onexitinit              10038da6 f   LIBCMT:onexit.obj
 0001:00037dd8       __ftol                     10038dd8 f   LIBCMT:ftol.obj
 0001:00037dff       __snprintf                 10038dff f   LIBCMT:snprintf.obj
 0001:00037e50       _strncpy                   10038e50 f   LIBCMT:strncpy.obj
 0001:00037f4e       _sprintf                   10038f4e f   LIBCMT:sprintf.obj
 0001:00037fa0       _strcmpi                   10038fa0 f   LIBCMT:stricmp.obj
 0001:00037fa0       __stricmp                  10038fa0 f   LIBCMT:stricmp.obj
 0001:00037fa0       __strcmpi                  10038fa0 f   LIBCMT:stricmp.obj
 0001:00037fa0       _stricmp                   10038fa0 f   LIBCMT:stricmp.obj
 0001:00038070       ??3@YAXPAX@Z               10039070 f   LIBCMT:delete.obj
 0001:00038080       _memmove                   10039080 f   LIBCMT:memmove.obj
 0001:000383b5       _atof                      100393b5 f   LIBCMT:atof.obj
 0001:0003840c       ??2@YAPAXI@Z               1003940c f   LIBCMT:new.obj
 0001:00038420       _strncmp                   10039420 f   LIBCMT:strncmp.obj
 0001:00038460       __alloca_probe             10039460 f   LIBCMT:chkstk.obj
 0001:00038460       __chkstk                   10039460 f   LIBCMT:chkstk.obj
 0001:0003848f       _fread                     1003948f f   LIBCMT:fread.obj
 0001:000384be       __fread_lk                 100394be f   LIBCMT:fread.obj
 0001:000385a6       __mkdir                    100395a6 f   LIBCMT:mkdir.obj
 0001:000385d2       _fwrite                    100395d2 f   LIBCMT:fwrite.obj
 0001:00038601       __fwrite_lk                10039601 f   LIBCMT:fwrite.obj
[...]
 0003:0002f104       ?_Index@ios_base@std@@0HA  1007a104     libcpmt:ios.obj
 0003:0002f13c       ?_Clocptr@_Locimp@locale@std@@0PAV123@A 1007a13c     libcpmt:locale0.obj
 0003:0002f140       ?_Global@_Locimp@locale@std@@0PAV123@A 1007a140     libcpmt:locale0.obj
 0003:0002f144       ?_Id_cnt@id@locale@std@@0HA 1007a144     libcpmt:locale0.obj
 0003:0002f148       ?_Cltab@?$ctype@D@std@@0PBFB 1007a148     libcpmt:locale0.obj
 0003:0002f16c       ??_B?1???id@?$ctype@G@std@@$D@@9@51 1007a16c     <common>
 0003:0002f170       ___mbcodepage              1007a170     <common>
 0003:0002f180       ___mbulinfo                1007a180     <common>
 0003:0002f18c       ___ismbcodepage            1007a18c     <common>
 0003:0002f1a0       __mbcasemap                1007a1a0     <common>
 0003:0002f2a0       __mbctype                  1007a2a0     <common>
 0003:0002f3a4       ___mblcid                  1007a3a4     <common>
 0003:0002f3a8       ___sbh_sizeHeaderList      1007a3a8     <common>
 0003:0002f3ac       ___sbh_indGroupDefer       1007a3ac     <common>
 0003:0002f3b0       ___sbh_pHeaderScan         1007a3b0     <common>
 0003:0002f3b4       ___sbh_pHeaderDefer        1007a3b4     <common>
 0003:0002f3b8       ___sbh_cntHeaderList       1007a3b8     <common>
 0003:0002f3bc       ___sbh_pHeaderList         1007a3bc     <common>
 0003:0002f3c0       __crtheap                  1007a3c0     <common>
 0003:0002f3e0       ___pioinfo                 1007a3e0     <common>
 0003:0002f4e0       __nhandle                  1007a4e0     <common>
 0003:0002f4e4       ___setlc_active            1007a4e4     <common>
 0003:0002f4e8       ___unguarded_readlc_active 1007a4e8     <common>
 0003:0002f4ec       ___piob                    1007a4ec     <common>
 0003:0002f500       __bufin                    1007a500     <common>
 0003:00030500       __nstream                  1007b500     <common>
 0003:00030504       __acmdln                   1007b504     <common>
 0003:00030508       __pRawDllMain              1007b508     <common>
 0003:0003050c       ___env_initialized         1007b50c     <common>
 0003:00030510       ___mbctype_initialized     1007b510     <common>
 0003:00030514       ___onexitend               1007b514     <common>
 0003:00030518       ___onexitbegin             1007b518     <common>
 0003:0003051c       ?_Stinit@?1??_Init@?$basic_filebuf@GU?$char_traits@G@std@@@std@@IAEXPAU_iobuf@@W4_Initfl@23@@Z@4HA 1007b51c     <common>
 0003:00030520       ?_Stinit@?1??_Init@?$basic_filebuf@DU?$char_traits@D@std@@@std@@IAEXPAU_iobuf@@W4_Initfl@23@@Z@4HA 1007b520     <common>
 0003:00030524       ?_Stz@?$fpos@H@std@@0HA    1007b524     <common>
 0003:00030528       ??_B?1???id@?$collate@D@std@@$D@@9@51 1007b528     <common>

 entry point at        0001:00038fd8

 Static symbols

 0001:00034910       ?FixedUnsigned16@@YAGMM@Z  10035910 f   util.obj
 0001:00034940       ?FixedSigned16@@YAFMM@Z    10035940 f   util.obj
 0001:00034910       ?FixedUnsigned216@@YAGMM@Z 10035910 f   util.obj
 0001:0001a250       _$E37                      1001b250 f   inisettings.obj
 0001:0001a270       _$E36                      1001b270 f   inisettings.obj
 0001:0001a280       _$E24                      1001b280 f   inisettings.obj
 0001:0001a290       _$E21                      1001b290 f   inisettings.obj
 0001:0001a2a0       _$E23                      1001b2a0 f   inisettings.obj
 0001:0001a2b0       _$E22                      1001b2b0 f   inisettings.obj
 0001:0001a2c0       _$E30                      1001b2c0 f   inisettings.obj
 0001:0001a2d0       _$E27                      1001b2d0 f   inisettings.obj
 0001:0001a2e0       _$E29                      1001b2e0 f   inisettings.obj
 0001:0001a2f0       _$E28                      1001b2f0 f   inisettings.obj
 0001:00017220       _$E19                      10018220 f   h_export.obj
 0001:00017240       _$E18                      10018240 f   h_export.obj
 0001:0000f150       _$E9                       10010150 f   dll.obj
 0001:0000f160       _$E8                       10010160 f   dll.obj
 0001:0000f180       _$E12                      10010180 f   dll.obj
 0001:0000f190       _$E11                      10010190 f   dll.obj
 0001:0000a690       _$E19                      1000b690 f   CIniFile.obj
 0001:0000a6b0       _$E18                      1000b6b0 f   CIniFile.obj
 0001:00001690       _$E26                      10002690 f   admincommands.obj
 0001:000016b0       _$E25                      100026b0 f   admincommands.obj
 0001:0004097a       _siglookup                 1004197a f   LIBCMT:winsig.obj
 0001:00040403       _getSystemCP               10041403 f   LIBCMT:mbctype.obj
 0001:0004044d       _CPtoLCID                  1004144d f   LIBCMT:mbctype.obj
 0001:00040480       _setSBCS                   10041480 f   LIBCMT:mbctype.obj
 0001:000404a9       _setSBUpLow                100414a9 f   LIBCMT:mbctype.obj
 0001:0003f000       __abstract_cw              10040000 f   LIBCMT:ieee87.obj
 0001:0003f092       __hw_cw                    10040092 f   LIBCMT:ieee87.obj
 0001:0003d717       _parse_cmdline             1003e717 f   LIBCMT:stdargv.obj
 0001:0003d242       __hextodec                 1003e242 f   LIBCMT:input.obj
 0001:0003d279       __inc                      1003e279 f   LIBCMT:input.obj
 0001:0003d293       __un_inc                   1003e293 f   LIBCMT:input.obj
 0001:0003d2aa       __whiteout                 1003e2aa f   LIBCMT:input.obj
 0001:0003c7f2       _strncnt                   1003d7f2 f   LIBCMT:a_map.obj
 0001:0003c390       __get_fname                1003d390 f   LIBCMT:fpexcept.obj
 0001:0003b7f0       LeadUp1                    1003c7f0 f   LIBCMT:memcpy.obj
 0001:0003b81c       LeadUp2                    1003c81c f   LIBCMT:memcpy.obj
 0001:0003b840       LeadUp3                    1003c840 f   LIBCMT:memcpy.obj
 0001:0003b8bf       UnwindUp0                  1003c8bf f   LIBCMT:memcpy.obj
 0001:0003b8ac       UnwindUp1                  1003c8ac f   LIBCMT:memcpy.obj
 0001:0003b8a4       UnwindUp2                  1003c8a4 f   LIBCMT:memcpy.obj
 0001:0003b89c       UnwindUp3                  1003c89c f   LIBCMT:memcpy.obj
 0001:0003b894       UnwindUp4                  1003c894 f   LIBCMT:memcpy.obj
 0001:0003b88c       UnwindUp5                  1003c88c f   LIBCMT:memcpy.obj
 0001:0003b884       UnwindUp6                  1003c884 f   LIBCMT:memcpy.obj
 0001:0003b87c       UnwindUp7                  1003c87c f   LIBCMT:memcpy.obj
 0001:0003b8d8       TrailUp0                   1003c8d8 f   LIBCMT:memcpy.obj
 0001:0003b8e0       TrailUp1                   1003c8e0 f   LIBCMT:memcpy.obj
 0001:0003b8ec       TrailUp2                   1003c8ec f   LIBCMT:memcpy.obj
 0001:0003b900       TrailUp3                   1003c900 f   LIBCMT:memcpy.obj
 0001:0003b978       LeadDown1                  1003c978 f   LIBCMT:memcpy.obj
 0001:0003b998       LeadDown2                  1003c998 f   LIBCMT:memcpy.obj
 0001:0003b9c0       LeadDown3                  1003c9c0 f   LIBCMT:memcpy.obj
 0001:0003ba14       UnwindDown7                1003ca14 f   LIBCMT:memcpy.obj
 0001:0003ba1c       UnwindDown6                1003ca1c f   LIBCMT:memcpy.obj
 0001:0003ba24       UnwindDown5                1003ca24 f   LIBCMT:memcpy.obj
 0001:0003ba2c       UnwindDown4                1003ca2c f   LIBCMT:memcpy.obj
 0001:0003ba34       UnwindDown3                1003ca34 f   LIBCMT:memcpy.obj
 0001:0003ba3c       UnwindDown2                1003ca3c f   LIBCMT:memcpy.obj
 0001:0003ba44       UnwindDown1                1003ca44 f   LIBCMT:memcpy.obj
 0001:0003ba57       UnwindDown0                1003ca57 f   LIBCMT:memcpy.obj
 0001:0003ba70       TrailDown0                 1003ca70 f   LIBCMT:memcpy.obj
 0001:0003ba78       TrailDown1                 1003ca78 f   LIBCMT:memcpy.obj
 0001:0003ba88       TrailDown2                 1003ca88 f   LIBCMT:memcpy.obj
 0001:0003ba9c       TrailDown3                 1003ca9c f   LIBCMT:memcpy.obj
 0001:0003a6aa       ?FindHandler@@YAXPAUEHExceptionRecord@@PAUEHRegistrationNode@@PAU_CONTEXT@@PAXPBU_s_FuncInfo@@EH1@Z 1003b6aa f   LIBCMT:frame.obj
 0001:0003a85d       ?FindHandlerForForeignException@@YAXPAUEHExceptionRecord@@PAUEHRegistrationNode@@PAU_CONTEXT@@PAXPBU_s_FuncInfo@@HH1@Z 1003b85d f   LIBCMT:frame.obj
 0001:0003a907       ?TypeMatch@@YAHPBU_s_HandlerType@@PBU_s_CatchableType@@PBU_s_ThrowInfo@@@Z 1003b907 f   LIBCMT:frame.obj
 0001:0003aa02       ?FrameUnwindFilter@@YAHPAU_EXCEPTION_POINTERS@@@Z 1003ba02 f   LIBCMT:frame.obj
 0001:0003aa18       ?CatchIt@@YAXPAUEHExceptionRecord@@PAUEHRegistrationNode@@PAU_CONTEXT@@PAXPBU_s_FuncInfo@@PBU_s_HandlerType@@PBU_s_CatchableType@@PBU_s_TryBlockMapEntry@@H1E@Z 1003ba18 f   LIBCMT:frame.obj
 0001:0003aa93       ?CallCatchBlock@@YAPAXPAUEHExceptionRecord@@PAUEHRegistrationNode@@PAU_CONTEXT@@PBU_s_FuncInfo@@PAXHK@Z 1003ba93 f   LIBCMT:frame.obj
 0001:0003abae       ?ExFilterRethrow@@YAHPAU_EXCEPTION_POINTERS@@@Z 1003bbae f   LIBCMT:frame.obj
 0001:0003abd8       ?BuildCatchObject@@YAXPAUEHExceptionRecord@@PAUEHRegistrationNode@@PBU_s_HandlerType@@PBU_s_CatchableType@@@Z 1003bbd8 f   LIBCMT:frame.obj
 0001:0003ae03       ?AdjustPointer@@YAPAXPAXABUPMD@@@Z 1003be03 f   LIBCMT:frame.obj
 0001:0003a192       __cftoe2                   1003b192 f   LIBCMT:cvt.obj
 0001:0003a2a9       __cftof2                   1003b2a9 f   LIBCMT:cvt.obj
 0001:0003a434       __shift                    1003b434 f   LIBCMT:cvt.obj
 0001:00039cb9       _write_char                1003acb9 f   LIBCMT:output.obj
 0001:00039cee       _write_multi_char          1003acee f   LIBCMT:output.obj
 0001:00039d1f       _write_string              1003ad1f f   LIBCMT:output.obj
 0001:00039d57       _get_int_arg               1003ad57 f   LIBCMT:output.obj
 0001:00039d64       _get_int64_arg             1003ad64 f   LIBCMT:output.obj
 0001:00039d74       _get_short_arg             1003ad74 f   LIBCMT:output.obj
 0001:0003941d       _flsall                    1003a41d f   LIBCMT:fflush.obj
 0001:00038e79       _xtoa                      10039e79 f   LIBCMT:xtoa.obj
 0001:00038769       _doexit                    10039769 f   LIBCMT:crt0dat.obj
 0001:00038820       __initterm                 10039820 f   LIBCMT:crt0dat.obj
 0001:000380f0       LeadUp1                    100390f0 f   LIBCMT:memmove.obj
 0001:0003811c       LeadUp2                    1003911c f   LIBCMT:memmove.obj
 0001:00038140       LeadUp3                    10039140 f   LIBCMT:memmove.obj
 0001:000381bf       UnwindUp0                  100391bf f   LIBCMT:memmove.obj
 0001:000381ac       UnwindUp1                  100391ac f   LIBCMT:memmove.obj
 0001:000381a4       UnwindUp2                  100391a4 f   LIBCMT:memmove.obj
 0001:0003819c       UnwindUp3                  1003919c f   LIBCMT:memmove.obj
 0001:00038194       UnwindUp4                  10039194 f   LIBCMT:memmove.obj
 0001:0003818c       UnwindUp5                  1003918c f   LIBCMT:memmove.obj
 0001:00038184       UnwindUp6                  10039184 f   LIBCMT:memmove.obj
 0001:0003817c       UnwindUp7                  1003917c f   LIBCMT:memmove.obj
 0001:000381d8       TrailUp0                   100391d8 f   LIBCMT:memmove.obj
 0001:000381e0       TrailUp1                   100391e0 f   LIBCMT:memmove.obj
 0001:000381ec       TrailUp2                   100391ec f   LIBCMT:memmove.obj
 0001:00038200       TrailUp3                   10039200 f   LIBCMT:memmove.obj
 0001:00038278       LeadDown1                  10039278 f   LIBCMT:memmove.obj
 0001:00038298       LeadDown2                  10039298 f   LIBCMT:memmove.obj
 0001:000382c0       LeadDown3                  100392c0 f   LIBCMT:memmove.obj
 0001:00038314       UnwindDown7                10039314 f   LIBCMT:memmove.obj
 0001:0003831c       UnwindDown6                1003931c f   LIBCMT:memmove.obj
 0001:00038324       UnwindDown5                10039324 f   LIBCMT:memmove.obj
 0001:0003832c       UnwindDown4                1003932c f   LIBCMT:memmove.obj
 0001:00038334       UnwindDown3                10039334 f   LIBCMT:memmove.obj
 0001:0003833c       UnwindDown2                1003933c f   LIBCMT:memmove.obj
 0001:00038344       UnwindDown1                10039344 f   LIBCMT:memmove.obj
 0001:00038357       UnwindDown0                10039357 f   LIBCMT:memmove.obj
 0001:00038370       TrailDown0                 10039370 f   LIBCMT:memmove.obj
 0001:00038378       TrailDown1                 10039378 f   LIBCMT:memmove.obj
 0001:00038388       TrailDown2                 10039388 f   LIBCMT:memmove.obj
 0001:0003839c       TrailDown3                 1003939c f   LIBCMT:memmove.obj
 0001:00037c40       _gu_return                 10038c40 f   LIBCMT:exsup.obj
 0001:00037c48       __unwind_handler           10038c48 f   LIBCMT:exsup.obj
 0001:00037a5c       ?CatchGuardHandler@@YA?AW4_EXCEPTION_DISPOSITION@@PAUEHExceptionRecord@@PAUCatchGuardRN@@PAX2@Z 10038a5c f   LIBCMT:trnsctrl.obj
 0001:00037b37       ?TranslatorGuardHandler@@YA?AW4_EXCEPTION_DISPOSITION@@PAUEHExceptionRecord@@PAUTranslatorGuardRN@@PAX2@Z 10038b37 f   LIBCMT:trnsctrl.obj
 0001:00043a57       __Mbrtowc_lk               10044a57 f   libcpmt:xmbtowc.obj
 0001:00043743       _$E18                      10044743 f   libcpmt:locale0.obj
 0001:0004374d       _$E15                      1004474d f   libcpmt:locale0.obj
 0001:0004374e       _$E17                      1004474e f   libcpmt:locale0.obj
 0001:0004375a       _$E16                      1004475a f   libcpmt:locale0.obj
 0001:000439b2       _$E29                      100449b2 f   libcpmt:locale0.obj
 0001:000439dc       _$E25                      100449dc f   libcpmt:locale0.obj
 0001:000439e8       _$E28                      100449e8 f   libcpmt:locale0.obj
 0001:0004334c       ?_CleanUp@std@@YAXXZ       1004434c f   libcpmt:xlock.obj
 0001:0004252a       _$E18                      1004352a f   libcpmt:wiostrea.obj
 0001:00042534       _$E15                      10043534 f   libcpmt:wiostrea.obj
 0001:0004253e       _$E17                      1004353e f   libcpmt:wiostrea.obj
 0001:0004254a       _$E16                      1004354a f   libcpmt:wiostrea.obj
 0001:00042554       _$E24                      10043554 f   libcpmt:wiostrea.obj
 0001:0004255e       _$E21                      1004355e f   libcpmt:wiostrea.obj
 0001:00042568       _$E23                      10043568 f   libcpmt:wiostrea.obj
 0001:00042574       _$E22                      10043574 f   libcpmt:wiostrea.obj
 0001:0004257e       _$E29                      1004357e f   libcpmt:wiostrea.obj
 0001:00042588       _$E26                      10043588 f   libcpmt:wiostrea.obj
 0001:00042595       _$E28                      10043595 f   libcpmt:wiostrea.obj
 0001:000425a1       _$E27                      100435a1 f   libcpmt:wiostrea.obj
 0001:000425ab       _$E34                      100435ab f   libcpmt:wiostrea.obj
 0001:000425b5       _$E31                      100435b5 f   libcpmt:wiostrea.obj
 0001:000425c2       _$E33                      100435c2 f   libcpmt:wiostrea.obj
 0001:000425ce       _$E32                      100435ce f   libcpmt:wiostrea.obj
 0001:000425d8       _$E39                      100435d8 f   libcpmt:wiostrea.obj
 0001:000425e2       _$E36                      100435e2 f   libcpmt:wiostrea.obj
 0001:000425ef       _$E38                      100435ef f   libcpmt:wiostrea.obj
 0001:000425fb       _$E37                      100435fb f   libcpmt:wiostrea.obj
 0001:00042605       _$E44                      10043605 f   libcpmt:wiostrea.obj
 0001:0004260f       _$E41                      1004360f f   libcpmt:wiostrea.obj
 0001:0004261e       _$E43                      1004361e f   libcpmt:wiostrea.obj
 0001:0004262a       _$E42                      1004362a f   libcpmt:wiostrea.obj
 0001:00042649       _$E49                      10043649 f   libcpmt:wiostrea.obj
 0001:00042653       _$E46                      10043653 f   libcpmt:wiostrea.obj
 0001:00042662       _$E48                      10043662 f   libcpmt:wiostrea.obj
 0001:0004266e       _$E47                      1004366e f   libcpmt:wiostrea.obj
 0001:0004268d       _$E54                      1004368d f   libcpmt:wiostrea.obj
 0001:00042697       _$E51                      10043697 f   libcpmt:wiostrea.obj
 0001:000426a6       _$E53                      100436a6 f   libcpmt:wiostrea.obj
 0001:000426b2       _$E52                      100436b2 f   libcpmt:wiostrea.obj
 0001:000426bc       _$E59                      100436bc f   libcpmt:wiostrea.obj
 0001:000426c6       _$E56                      100436c6 f   libcpmt:wiostrea.obj
 0001:000426d5       _$E58                      100436d5 f   libcpmt:wiostrea.obj
 0001:000426e1       _$E57                      100436e1 f   libcpmt:wiostrea.obj
 0001:0004328c       _$E70                      1004428c f   libcpmt:wiostrea.obj
 0001:000432b6       _$E66                      100442b6 f   libcpmt:wiostrea.obj
 0001:000432c2       _$E69                      100442c2 f   libcpmt:wiostrea.obj
 0001:00041674       _$E18                      10042674 f   libcpmt:iostream.obj
 0001:0004167e       _$E15                      1004267e f   libcpmt:iostream.obj
 0001:0004168b       _$E17                      1004268b f   libcpmt:iostream.obj
 0001:00041697       _$E16                      10042697 f   libcpmt:iostream.obj
 0001:000416a1       _$E23                      100426a1 f   libcpmt:iostream.obj
 0001:000416ab       _$E20                      100426ab f   libcpmt:iostream.obj
 0001:000416b8       _$E22                      100426b8 f   libcpmt:iostream.obj
 0001:000416c4       _$E21                      100426c4 f   libcpmt:iostream.obj
 0001:000416ce       _$E28                      100426ce f   libcpmt:iostream.obj
 0001:000416d8       _$E25                      100426d8 f   libcpmt:iostream.obj
 0001:000416e7       _$E27                      100426e7 f   libcpmt:iostream.obj
 0001:000416f3       _$E26                      100426f3 f   libcpmt:iostream.obj
 0001:00041712       _$E33                      10042712 f   libcpmt:iostream.obj
 0001:0004171c       _$E30                      1004271c f   libcpmt:iostream.obj
 0001:0004172b       _$E32                      1004272b f   libcpmt:iostream.obj
 0001:00041737       _$E31                      10042737 f   libcpmt:iostream.obj
 0001:00041756       _$E38                      10042756 f   libcpmt:iostream.obj
 0001:00041760       _$E35                      10042760 f   libcpmt:iostream.obj
 0001:0004176d       _$E37                      1004276d f   libcpmt:iostream.obj
 0001:00041779       _$E36                      10042779 f   libcpmt:iostream.obj
 0001:00041783       _$E43                      10042783 f   libcpmt:iostream.obj
 0001:0004178d       _$E40                      1004278d f   libcpmt:iostream.obj
 0001:0004179c       _$E42                      1004279c f   libcpmt:iostream.obj
 0001:000417a8       _$E41                      100427a8 f   libcpmt:iostream.obj
 0001:000417b2       _$E48                      100427b2 f   libcpmt:iostream.obj
 0001:000417bc       _$E45                      100427bc f   libcpmt:iostream.obj
 0001:000417cb       _$E47                      100427cb f   libcpmt:iostream.obj
 0001:000417d7       _$E46                      100427d7 f   libcpmt:iostream.obj
 0001:000424e8       _$E60                      100434e8 f   libcpmt:iostream.obj
 0001:00042512       _$E56                      10043512 f   libcpmt:iostream.obj
 0001:0004251e       _$E59                      1004351e f   libcpmt:iostream.obj
 0001:00041631       _$E24                      10042631 f   libcpmt:string.obj
 0001:0004165b       _$E20                      1004265b f   libcpmt:string.obj
 0001:00041667       _$E23                      10042667 f   libcpmt:string.obj

 1150 bytes saved through ICF

